Archive member included to satisfy reference by file (symbol)

c:/st/stm32cubeide_1.8.0/stm32cubeide/plugins/com.st.stm32cube.ide.mcu.externaltools.gnu-tools-for-stm32.10.3-2021.10.win32_1.0.0.202111181127/tools/bin/../lib/gcc/arm-none-eabi/10.3.1/../../../../arm-none-eabi/lib/thumb/v7e-m+fp/hard\libc_nano.a(lib_a-errno.o)
                              ./Core/Src/syscalls.o (__errno)
c:/st/stm32cubeide_1.8.0/stm32cubeide/plugins/com.st.stm32cube.ide.mcu.externaltools.gnu-tools-for-stm32.10.3-2021.10.win32_1.0.0.202111181127/tools/bin/../lib/gcc/arm-none-eabi/10.3.1/../../../../arm-none-eabi/lib/thumb/v7e-m+fp/hard\libc_nano.a(lib_a-exit.o)
                              c:/st/stm32cubeide_1.8.0/stm32cubeide/plugins/com.st.stm32cube.ide.mcu.externaltools.gnu-tools-for-stm32.10.3-2021.10.win32_1.0.0.202111181127/tools/bin/../lib/gcc/arm-none-eabi/10.3.1/../../../../arm-none-eabi/lib/thumb/v7e-m+fp/hard/crt0.o (exit)
c:/st/stm32cubeide_1.8.0/stm32cubeide/plugins/com.st.stm32cube.ide.mcu.externaltools.gnu-tools-for-stm32.10.3-2021.10.win32_1.0.0.202111181127/tools/bin/../lib/gcc/arm-none-eabi/10.3.1/../../../../arm-none-eabi/lib/thumb/v7e-m+fp/hard\libc_nano.a(lib_a-impure.o)
                              c:/st/stm32cubeide_1.8.0/stm32cubeide/plugins/com.st.stm32cube.ide.mcu.externaltools.gnu-tools-for-stm32.10.3-2021.10.win32_1.0.0.202111181127/tools/bin/../lib/gcc/arm-none-eabi/10.3.1/../../../../arm-none-eabi/lib/thumb/v7e-m+fp/hard\libc_nano.a(lib_a-exit.o) (_global_impure_ptr)
c:/st/stm32cubeide_1.8.0/stm32cubeide/plugins/com.st.stm32cube.ide.mcu.externaltools.gnu-tools-for-stm32.10.3-2021.10.win32_1.0.0.202111181127/tools/bin/../lib/gcc/arm-none-eabi/10.3.1/../../../../arm-none-eabi/lib/thumb/v7e-m+fp/hard\libc_nano.a(lib_a-init.o)
                              c:/st/stm32cubeide_1.8.0/stm32cubeide/plugins/com.st.stm32cube.ide.mcu.externaltools.gnu-tools-for-stm32.10.3-2021.10.win32_1.0.0.202111181127/tools/bin/../lib/gcc/arm-none-eabi/10.3.1/../../../../arm-none-eabi/lib/thumb/v7e-m+fp/hard/crt0.o (__libc_init_array)
c:/st/stm32cubeide_1.8.0/stm32cubeide/plugins/com.st.stm32cube.ide.mcu.externaltools.gnu-tools-for-stm32.10.3-2021.10.win32_1.0.0.202111181127/tools/bin/../lib/gcc/arm-none-eabi/10.3.1/../../../../arm-none-eabi/lib/thumb/v7e-m+fp/hard\libc_nano.a(lib_a-memcpy-stub.o)
                              ./Core/Src/msc_disk.o (memcpy)
c:/st/stm32cubeide_1.8.0/stm32cubeide/plugins/com.st.stm32cube.ide.mcu.externaltools.gnu-tools-for-stm32.10.3-2021.10.win32_1.0.0.202111181127/tools/bin/../lib/gcc/arm-none-eabi/10.3.1/../../../../arm-none-eabi/lib/thumb/v7e-m+fp/hard\libc_nano.a(lib_a-memmove.o)
                              ./Core/tinyUSB/class/msc/msc_device.o (memmove)
c:/st/stm32cubeide_1.8.0/stm32cubeide/plugins/com.st.stm32cube.ide.mcu.externaltools.gnu-tools-for-stm32.10.3-2021.10.win32_1.0.0.202111181127/tools/bin/../lib/gcc/arm-none-eabi/10.3.1/../../../../arm-none-eabi/lib/thumb/v7e-m+fp/hard\libc_nano.a(lib_a-memset.o)
                              c:/st/stm32cubeide_1.8.0/stm32cubeide/plugins/com.st.stm32cube.ide.mcu.externaltools.gnu-tools-for-stm32.10.3-2021.10.win32_1.0.0.202111181127/tools/bin/../lib/gcc/arm-none-eabi/10.3.1/../../../../arm-none-eabi/lib/thumb/v7e-m+fp/hard/crt0.o (memset)
c:/st/stm32cubeide_1.8.0/stm32cubeide/plugins/com.st.stm32cube.ide.mcu.externaltools.gnu-tools-for-stm32.10.3-2021.10.win32_1.0.0.202111181127/tools/bin/../lib/gcc/arm-none-eabi/10.3.1/../../../../arm-none-eabi/lib/thumb/v7e-m+fp/hard\libc_nano.a(lib_a-strlen.o)
                              ./Core/Src/msc_disk.o (strlen)
c:/st/stm32cubeide_1.8.0/stm32cubeide/plugins/com.st.stm32cube.ide.mcu.externaltools.gnu-tools-for-stm32.10.3-2021.10.win32_1.0.0.202111181127/tools/bin/../lib/gcc/arm-none-eabi/10.3.1/thumb/v7e-m+fp/hard\libgcc.a(_aeabi_uldivmod.o)
                              ./Drivers/STM32F4xx_HAL_Driver/Src/stm32f4xx_hal_rcc.o (__aeabi_uldivmod)
c:/st/stm32cubeide_1.8.0/stm32cubeide/plugins/com.st.stm32cube.ide.mcu.externaltools.gnu-tools-for-stm32.10.3-2021.10.win32_1.0.0.202111181127/tools/bin/../lib/gcc/arm-none-eabi/10.3.1/thumb/v7e-m+fp/hard\libgcc.a(_udivmoddi4.o)
                              c:/st/stm32cubeide_1.8.0/stm32cubeide/plugins/com.st.stm32cube.ide.mcu.externaltools.gnu-tools-for-stm32.10.3-2021.10.win32_1.0.0.202111181127/tools/bin/../lib/gcc/arm-none-eabi/10.3.1/thumb/v7e-m+fp/hard\libgcc.a(_aeabi_uldivmod.o) (__udivmoddi4)
c:/st/stm32cubeide_1.8.0/stm32cubeide/plugins/com.st.stm32cube.ide.mcu.externaltools.gnu-tools-for-stm32.10.3-2021.10.win32_1.0.0.202111181127/tools/bin/../lib/gcc/arm-none-eabi/10.3.1/thumb/v7e-m+fp/hard\libgcc.a(_dvmd_tls.o)
                              c:/st/stm32cubeide_1.8.0/stm32cubeide/plugins/com.st.stm32cube.ide.mcu.externaltools.gnu-tools-for-stm32.10.3-2021.10.win32_1.0.0.202111181127/tools/bin/../lib/gcc/arm-none-eabi/10.3.1/thumb/v7e-m+fp/hard\libgcc.a(_aeabi_uldivmod.o) (__aeabi_ldiv0)

Discarded input sections

[...]
Memory Configuration

Name             Origin             Length             Attributes
RAM              0x0000000020000000 0x0000000000020000 xrw
FLASH            0x0000000008000000 0x0000000000080000 xr
*default*        0x0000000000000000 0xffffffffffffffff

Linker script and memory map

LOAD c:/st/stm32cubeide_1.8.0/stm32cubeide/plugins/com.st.stm32cube.ide.mcu.externaltools.gnu-tools-for-stm32.10.3-2021.10.win32_1.0.0.202111181127/tools/bin/../lib/gcc/arm-none-eabi/10.3.1/thumb/v7e-m+fp/hard/crti.o
LOAD c:/st/stm32cubeide_1.8.0/stm32cubeide/plugins/com.st.stm32cube.ide.mcu.externaltools.gnu-tools-for-stm32.10.3-2021.10.win32_1.0.0.202111181127/tools/bin/../lib/gcc/arm-none-eabi/10.3.1/thumb/v7e-m+fp/hard/crtbegin.o
LOAD c:/st/stm32cubeide_1.8.0/stm32cubeide/plugins/com.st.stm32cube.ide.mcu.externaltools.gnu-tools-for-stm32.10.3-2021.10.win32_1.0.0.202111181127/tools/bin/../lib/gcc/arm-none-eabi/10.3.1/../../../../arm-none-eabi/lib/thumb/v7e-m+fp/hard/crt0.o
LOAD ./Core/Src/gpio.o
LOAD ./Core/Src/main.o
LOAD ./Core/Src/msc_disk.o
LOAD ./Core/Src/stm32f4xx_hal_msp.o
LOAD ./Core/Src/stm32f4xx_it.o
LOAD ./Core/Src/syscalls.o
LOAD ./Core/Src/sysmem.o
LOAD ./Core/Src/system_stm32f4xx.o
LOAD ./Core/Src/usb_descriptors.o
LOAD ./Core/Src/usb_otg.o
LOAD ./Core/Startup/startup_stm32f411ceux.o
LOAD ./Core/tinyUSB/class/audio/audio_device.o
LOAD ./Core/tinyUSB/class/bth/bth_device.o
LOAD ./Core/tinyUSB/class/cdc/cdc_device.o
LOAD ./Core/tinyUSB/class/cdc/cdc_host.o
LOAD ./Core/tinyUSB/class/cdc/cdc_rndis_host.o
LOAD ./Core/tinyUSB/class/dfu/dfu_device.o
LOAD ./Core/tinyUSB/class/dfu/dfu_rt_device.o
LOAD ./Core/tinyUSB/class/hid/hid_device.o
LOAD ./Core/tinyUSB/class/hid/hid_host.o
LOAD ./Core/tinyUSB/class/midi/midi_device.o
LOAD ./Core/tinyUSB/class/msc/msc_device.o
LOAD ./Core/tinyUSB/class/msc/msc_host.o
LOAD ./Core/tinyUSB/class/net/ecm_rndis_device.o
LOAD ./Core/tinyUSB/class/net/ncm_device.o
LOAD ./Core/tinyUSB/class/usbtmc/usbtmc_device.o
LOAD ./Core/tinyUSB/class/vendor/vendor_device.o
LOAD ./Core/tinyUSB/class/vendor/vendor_host.o
LOAD ./Core/tinyUSB/class/video/video_device.o
LOAD ./Core/tinyUSB/common/tusb_fifo.o
LOAD ./Core/tinyUSB/device/usbd.o
LOAD ./Core/tinyUSB/device/usbd_control.o
LOAD ./Core/tinyUSB/host/hub.o
LOAD ./Core/tinyUSB/host/usbh.o
LOAD ./Core/tinyUSB/portable/st/stm32_fsdev/dcd_stm32_fsdev.o
LOAD ./Core/tinyUSB/portable/st/synopsys/dcd_synopsys.o
LOAD ./Core/tinyUSB/tusb.o
LOAD ./Drivers/STM32F4xx_HAL_Driver/Src/stm32f4xx_hal.o
LOAD ./Drivers/STM32F4xx_HAL_Driver/Src/stm32f4xx_hal_cortex.o
LOAD ./Drivers/STM32F4xx_HAL_Driver/Src/stm32f4xx_hal_dma.o
LOAD ./Drivers/STM32F4xx_HAL_Driver/Src/stm32f4xx_hal_dma_ex.o
LOAD ./Drivers/STM32F4xx_HAL_Driver/Src/stm32f4xx_hal_exti.o
LOAD ./Drivers/STM32F4xx_HAL_Driver/Src/stm32f4xx_hal_flash.o
LOAD ./Drivers/STM32F4xx_HAL_Driver/Src/stm32f4xx_hal_flash_ex.o
LOAD ./Drivers/STM32F4xx_HAL_Driver/Src/stm32f4xx_hal_flash_ramfunc.o
LOAD ./Drivers/STM32F4xx_HAL_Driver/Src/stm32f4xx_hal_gpio.o
LOAD ./Drivers/STM32F4xx_HAL_Driver/Src/stm32f4xx_hal_pcd.o
LOAD ./Drivers/STM32F4xx_HAL_Driver/Src/stm32f4xx_hal_pcd_ex.o
LOAD ./Drivers/STM32F4xx_HAL_Driver/Src/stm32f4xx_hal_pwr.o
LOAD ./Drivers/STM32F4xx_HAL_Driver/Src/stm32f4xx_hal_pwr_ex.o
LOAD ./Drivers/STM32F4xx_HAL_Driver/Src/stm32f4xx_hal_rcc.o
LOAD ./Drivers/STM32F4xx_HAL_Driver/Src/stm32f4xx_hal_rcc_ex.o
LOAD ./Drivers/STM32F4xx_HAL_Driver/Src/stm32f4xx_hal_tim.o
LOAD ./Drivers/STM32F4xx_HAL_Driver/Src/stm32f4xx_hal_tim_ex.o
LOAD ./Drivers/STM32F4xx_HAL_Driver/Src/stm32f4xx_ll_usb.o
START GROUP
LOAD c:/st/stm32cubeide_1.8.0/stm32cubeide/plugins/com.st.stm32cube.ide.mcu.externaltools.gnu-tools-for-stm32.10.3-2021.10.win32_1.0.0.202111181127/tools/bin/../lib/gcc/arm-none-eabi/10.3.1/../../../../arm-none-eabi/lib/thumb/v7e-m+fp/hard\libc_nano.a
LOAD c:/st/stm32cubeide_1.8.0/stm32cubeide/plugins/com.st.stm32cube.ide.mcu.externaltools.gnu-tools-for-stm32.10.3-2021.10.win32_1.0.0.202111181127/tools/bin/../lib/gcc/arm-none-eabi/10.3.1/../../../../arm-none-eabi/lib/thumb/v7e-m+fp/hard\libm.a
END GROUP
START GROUP
LOAD c:/st/stm32cubeide_1.8.0/stm32cubeide/plugins/com.st.stm32cube.ide.mcu.externaltools.gnu-tools-for-stm32.10.3-2021.10.win32_1.0.0.202111181127/tools/bin/../lib/gcc/arm-none-eabi/10.3.1/thumb/v7e-m+fp/hard\libgcc.a
LOAD c:/st/stm32cubeide_1.8.0/stm32cubeide/plugins/com.st.stm32cube.ide.mcu.externaltools.gnu-tools-for-stm32.10.3-2021.10.win32_1.0.0.202111181127/tools/bin/../lib/gcc/arm-none-eabi/10.3.1/../../../../arm-none-eabi/lib/thumb/v7e-m+fp/hard\libc_nano.a
END GROUP
START GROUP
LOAD c:/st/stm32cubeide_1.8.0/stm32cubeide/plugins/com.st.stm32cube.ide.mcu.externaltools.gnu-tools-for-stm32.10.3-2021.10.win32_1.0.0.202111181127/tools/bin/../lib/gcc/arm-none-eabi/10.3.1/thumb/v7e-m+fp/hard\libgcc.a
LOAD c:/st/stm32cubeide_1.8.0/stm32cubeide/plugins/com.st.stm32cube.ide.mcu.externaltools.gnu-tools-for-stm32.10.3-2021.10.win32_1.0.0.202111181127/tools/bin/../lib/gcc/arm-none-eabi/10.3.1/../../../../arm-none-eabi/lib/thumb/v7e-m+fp/hard\libc_nano.a
LOAD c:/st/stm32cubeide_1.8.0/stm32cubeide/plugins/com.st.stm32cube.ide.mcu.externaltools.gnu-tools-for-stm32.10.3-2021.10.win32_1.0.0.202111181127/tools/bin/../lib/gcc/arm-none-eabi/10.3.1/../../../../arm-none-eabi/lib/thumb/v7e-m+fp/hard\libnosys.a
END GROUP
START GROUP
LOAD c:/st/stm32cubeide_1.8.0/stm32cubeide/plugins/com.st.stm32cube.ide.mcu.externaltools.gnu-tools-for-stm32.10.3-2021.10.win32_1.0.0.202111181127/tools/bin/../lib/gcc/arm-none-eabi/10.3.1/thumb/v7e-m+fp/hard\libgcc.a
LOAD c:/st/stm32cubeide_1.8.0/stm32cubeide/plugins/com.st.stm32cube.ide.mcu.externaltools.gnu-tools-for-stm32.10.3-2021.10.win32_1.0.0.202111181127/tools/bin/../lib/gcc/arm-none-eabi/10.3.1/../../../../arm-none-eabi/lib/thumb/v7e-m+fp/hard\libc_nano.a
LOAD c:/st/stm32cubeide_1.8.0/stm32cubeide/plugins/com.st.stm32cube.ide.mcu.externaltools.gnu-tools-for-stm32.10.3-2021.10.win32_1.0.0.202111181127/tools/bin/../lib/gcc/arm-none-eabi/10.3.1/../../../../arm-none-eabi/lib/thumb/v7e-m+fp/hard\libnosys.a
END GROUP
LOAD c:/st/stm32cubeide_1.8.0/stm32cubeide/plugins/com.st.stm32cube.ide.mcu.externaltools.gnu-tools-for-stm32.10.3-2021.10.win32_1.0.0.202111181127/tools/bin/../lib/gcc/arm-none-eabi/10.3.1/thumb/v7e-m+fp/hard/crtend.o
LOAD c:/st/stm32cubeide_1.8.0/stm32cubeide/plugins/com.st.stm32cube.ide.mcu.externaltools.gnu-tools-for-stm32.10.3-2021.10.win32_1.0.0.202111181127/tools/bin/../lib/gcc/arm-none-eabi/10.3.1/thumb/v7e-m+fp/hard/crtn.o
                0x0000000020020000                _estack = (ORIGIN (RAM) + LENGTH (RAM))
                0x0000000000000200                _Min_Heap_Size = 0x200
                0x0000000000000400                _Min_Stack_Size = 0x400

.isr_vector     0x0000000008000000      0x198
                0x0000000008000000                . = ALIGN (0x4)
 *(.isr_vector)
 .isr_vector    0x0000000008000000      0x198 ./Core/Startup/startup_stm32f411ceux.o
                0x0000000008000000                g_pfnVectors
                0x0000000008000198                . = ALIGN (0x4)

.text           0x0000000008000198     0x7844
                0x0000000008000198                . = ALIGN (0x4)
 *(.text)
 .text          0x0000000008000198       0x40 c:/st/stm32cubeide_1.8.0/stm32cubeide/plugins/com.st.stm32cube.ide.mcu.externaltools.gnu-tools-for-stm32.10.3-2021.10.win32_1.0.0.202111181127/tools/bin/../lib/gcc/arm-none-eabi/10.3.1/thumb/v7e-m+fp/hard/crtbegin.o
 .text          0x00000000080001d8       0x10 c:/st/stm32cubeide_1.8.0/stm32cubeide/plugins/com.st.stm32cube.ide.mcu.externaltools.gnu-tools-for-stm32.10.3-2021.10.win32_1.0.0.202111181127/tools/bin/../lib/gcc/arm-none-eabi/10.3.1/../../../../arm-none-eabi/lib/thumb/v7e-m+fp/hard\libc_nano.a(lib_a-strlen.o)
                0x00000000080001d8                strlen
 .text          0x00000000080001e8       0x30 c:/st/stm32cubeide_1.8.0/stm32cubeide/plugins/com.st.stm32cube.ide.mcu.externaltools.gnu-tools-for-stm32.10.3-2021.10.win32_1.0.0.202111181127/tools/bin/../lib/gcc/arm-none-eabi/10.3.1/thumb/v7e-m+fp/hard\libgcc.a(_aeabi_uldivmod.o)
                0x00000000080001e8                __aeabi_uldivmod
 .text          0x0000000008000218      0x2d0 c:/st/stm32cubeide_1.8.0/stm32cubeide/plugins/com.st.stm32cube.ide.mcu.externaltools.gnu-tools-for-stm32.10.3-2021.10.win32_1.0.0.202111181127/tools/bin/../lib/gcc/arm-none-eabi/10.3.1/thumb/v7e-m+fp/hard\libgcc.a(_udivmoddi4.o)
                0x0000000008000218                __udivmoddi4
 .text          0x00000000080004e8        0x4 c:/st/stm32cubeide_1.8.0/stm32cubeide/plugins/com.st.stm32cube.ide.mcu.externaltools.gnu-tools-for-stm32.10.3-2021.10.win32_1.0.0.202111181127/tools/bin/../lib/gcc/arm-none-eabi/10.3.1/thumb/v7e-m+fp/hard\libgcc.a(_dvmd_tls.o)
                0x00000000080004e8                __aeabi_idiv0
                0x00000000080004e8                __aeabi_ldiv0
 *(.text*)
 .text.MX_GPIO_Init
                0x00000000080004ec       0x50 ./Core/Src/gpio.o
                0x00000000080004ec                MX_GPIO_Init
 .text.tud_cdc_available
                0x000000000800053c       0x10 ./Core/Src/main.o
 .text.tud_cdc_read
                0x000000000800054c       0x1e ./Core/Src/main.o
 .text.cdc_task
                0x000000000800056a       0x24 ./Core/Src/main.o
                0x000000000800056a                cdc_task
 .text.main     0x000000000800058e       0x2a ./Core/Src/main.o
                0x000000000800058e                main
 .text.SystemClock_Config
                0x00000000080005b8       0xd0 ./Core/Src/main.o
                0x00000000080005b8                SystemClock_Config
 .text.Error_Handler
                0x0000000008000688        0xa ./Core/Src/main.o
                0x0000000008000688                Error_Handler
 *fill*         0x0000000008000692        0x2 
 .text.tud_msc_inquiry_cb
                0x0000000008000694       0x8c ./Core/Src/msc_disk.o
                0x0000000008000694                tud_msc_inquiry_cb
 .text.tud_msc_test_unit_ready_cb
                0x0000000008000720       0x30 ./Core/Src/msc_disk.o
                0x0000000008000720                tud_msc_test_unit_ready_cb
 .text.tud_msc_capacity_cb
                0x0000000008000750       0x28 ./Core/Src/msc_disk.o
                0x0000000008000750                tud_msc_capacity_cb
 .text.tud_msc_start_stop_cb
                0x0000000008000778       0x40 ./Core/Src/msc_disk.o
                0x0000000008000778                tud_msc_start_stop_cb
 .text.tud_msc_read10_cb
                0x00000000080007b8       0x44 ./Core/Src/msc_disk.o
                0x00000000080007b8                tud_msc_read10_cb
 .text.tud_msc_is_writable_cb
                0x00000000080007fc       0x18 ./Core/Src/msc_disk.o
                0x00000000080007fc                tud_msc_is_writable_cb
 .text.tud_msc_write10_cb
                0x0000000008000814       0x44 ./Core/Src/msc_disk.o
                0x0000000008000814                tud_msc_write10_cb
 .text.tud_msc_scsi_cb
                0x0000000008000858       0x68 ./Core/Src/msc_disk.o
                0x0000000008000858                tud_msc_scsi_cb
 .text.HAL_MspInit
                0x00000000080008c0       0x50 ./Core/Src/stm32f4xx_hal_msp.o
                0x00000000080008c0                HAL_MspInit
 .text.NMI_Handler
                0x0000000008000910        0x6 ./Core/Src/stm32f4xx_it.o
                0x0000000008000910                NMI_Handler
 .text.HardFault_Handler
                0x0000000008000916        0x6 ./Core/Src/stm32f4xx_it.o
                0x0000000008000916                HardFault_Handler
 .text.MemManage_Handler
                0x000000000800091c        0x6 ./Core/Src/stm32f4xx_it.o
                0x000000000800091c                MemManage_Handler
 .text.BusFault_Handler
                0x0000000008000922        0x6 ./Core/Src/stm32f4xx_it.o
                0x0000000008000922                BusFault_Handler
 .text.UsageFault_Handler
                0x0000000008000928        0x6 ./Core/Src/stm32f4xx_it.o
                0x0000000008000928                UsageFault_Handler
 .text.SVC_Handler
                0x000000000800092e        0xe ./Core/Src/stm32f4xx_it.o
                0x000000000800092e                SVC_Handler
 .text.DebugMon_Handler
                0x000000000800093c        0xe ./Core/Src/stm32f4xx_it.o
                0x000000000800093c                DebugMon_Handler
 .text.PendSV_Handler
                0x000000000800094a        0xe ./Core/Src/stm32f4xx_it.o
                0x000000000800094a                PendSV_Handler
 .text.SysTick_Handler
                0x0000000008000958        0xc ./Core/Src/stm32f4xx_it.o
                0x0000000008000958                SysTick_Handler
 .text.OTG_FS_IRQHandler
                0x0000000008000964        0xe ./Core/Src/stm32f4xx_it.o
                0x0000000008000964                OTG_FS_IRQHandler
 *fill*         0x0000000008000972        0x2 
 .text.SystemInit
                0x0000000008000974       0x24 ./Core/Src/system_stm32f4xx.o
                0x0000000008000974                SystemInit
 .text.tud_descriptor_device_cb
                0x0000000008000998       0x14 ./Core/Src/usb_descriptors.o
                0x0000000008000998                tud_descriptor_device_cb
 .text.tud_descriptor_configuration_cb
                0x00000000080009ac       0x1c ./Core/Src/usb_descriptors.o
                0x00000000080009ac                tud_descriptor_configuration_cb
 .text.tud_descriptor_string_cb
                0x00000000080009c8       0xa4 ./Core/Src/usb_descriptors.o
                0x00000000080009c8                tud_descriptor_string_cb
 .text.MX_USB_OTG_FS_PCD_Init
                0x0000000008000a6c       0x5c ./Core/Src/usb_otg.o
                0x0000000008000a6c                MX_USB_OTG_FS_PCD_Init
 .text.HAL_PCD_MspInit
                0x0000000008000ac8       0xa8 ./Core/Src/usb_otg.o
                0x0000000008000ac8                HAL_PCD_MspInit
 .text.Reset_Handler
                0x0000000008000b70       0x50 ./Core/Startup/startup_stm32f411ceux.o
                0x0000000008000b70                Reset_Handler
 .text.Default_Handler
                0x0000000008000bc0        0x2 ./Core/Startup/startup_stm32f411ceux.o
                0x0000000008000bc0                RTC_Alarm_IRQHandler
                0x0000000008000bc0                EXTI2_IRQHandler
                0x0000000008000bc0                SPI4_IRQHandler
                0x0000000008000bc0                TIM1_CC_IRQHandler
                0x0000000008000bc0                DMA2_Stream5_IRQHandler
                0x0000000008000bc0                DMA1_Stream5_IRQHandler
                0x0000000008000bc0                PVD_IRQHandler
                0x0000000008000bc0                SDIO_IRQHandler
                0x0000000008000bc0                TAMP_STAMP_IRQHandler
                0x0000000008000bc0                EXTI3_IRQHandler
                0x0000000008000bc0                TIM1_UP_TIM10_IRQHandler
                0x0000000008000bc0                I2C3_ER_IRQHandler
                0x0000000008000bc0                EXTI0_IRQHandler
                0x0000000008000bc0                I2C2_EV_IRQHandler
                0x0000000008000bc0                DMA1_Stream2_IRQHandler
                0x0000000008000bc0                FPU_IRQHandler
                0x0000000008000bc0                DMA2_Stream2_IRQHandler
                0x0000000008000bc0                SPI1_IRQHandler
                0x0000000008000bc0                TIM1_BRK_TIM9_IRQHandler
                0x0000000008000bc0                DMA2_Stream3_IRQHandler
                0x0000000008000bc0                USART6_IRQHandler
                0x0000000008000bc0                DMA2_Stream0_IRQHandler
                0x0000000008000bc0                TIM4_IRQHandler
                0x0000000008000bc0                I2C1_EV_IRQHandler
                0x0000000008000bc0                DMA1_Stream6_IRQHandler
                0x0000000008000bc0                DMA1_Stream1_IRQHandler
                0x0000000008000bc0                TIM3_IRQHandler
                0x0000000008000bc0                RCC_IRQHandler
                0x0000000008000bc0                Default_Handler
                0x0000000008000bc0                EXTI15_10_IRQHandler
                0x0000000008000bc0                ADC_IRQHandler
                0x0000000008000bc0                DMA1_Stream7_IRQHandler
                0x0000000008000bc0                SPI5_IRQHandler
                0x0000000008000bc0                TIM5_IRQHandler
                0x0000000008000bc0                DMA2_Stream7_IRQHandler
                0x0000000008000bc0                I2C3_EV_IRQHandler
                0x0000000008000bc0                EXTI9_5_IRQHandler
                0x0000000008000bc0                RTC_WKUP_IRQHandler
                0x0000000008000bc0                SPI2_IRQHandler
                0x0000000008000bc0                DMA1_Stream0_IRQHandler
                0x0000000008000bc0                EXTI4_IRQHandler
                0x0000000008000bc0                WWDG_IRQHandler
                0x0000000008000bc0                TIM2_IRQHandler
                0x0000000008000bc0                OTG_FS_WKUP_IRQHandler
                0x0000000008000bc0                TIM1_TRG_COM_TIM11_IRQHandler
                0x0000000008000bc0                EXTI1_IRQHandler
                0x0000000008000bc0                USART2_IRQHandler
                0x0000000008000bc0                I2C2_ER_IRQHandler
                0x0000000008000bc0                DMA2_Stream1_IRQHandler
                0x0000000008000bc0                FLASH_IRQHandler
                0x0000000008000bc0                DMA2_Stream4_IRQHandler
                0x0000000008000bc0                USART1_IRQHandler
                0x0000000008000bc0                SPI3_IRQHandler
                0x0000000008000bc0                DMA1_Stream4_IRQHandler
                0x0000000008000bc0                I2C1_ER_IRQHandler
                0x0000000008000bc0                DMA2_Stream6_IRQHandler
                0x0000000008000bc0                DMA1_Stream3_IRQHandler
 .text._prep_out_transaction
                0x0000000008000bc2       0x84 ./Core/tinyUSB/class/cdc/cdc_device.o
 *fill*         0x0000000008000c46        0x2 
 .text.tud_cdc_n_available
                0x0000000008000c48       0x30 ./Core/tinyUSB/class/cdc/cdc_device.o
                0x0000000008000c48                tud_cdc_n_available
 .text.tud_cdc_n_read
                0x0000000008000c78       0x48 ./Core/tinyUSB/class/cdc/cdc_device.o
                0x0000000008000c78                tud_cdc_n_read
 .text.tud_cdc_n_write_flush
                0x0000000008000cc0       0xf8 ./Core/tinyUSB/class/cdc/cdc_device.o
                0x0000000008000cc0                tud_cdc_n_write_flush
 .text.cdcd_init
                0x0000000008000db8       0xa4 ./Core/tinyUSB/class/cdc/cdc_device.o
                0x0000000008000db8                cdcd_init
 .text.cdcd_reset
                0x0000000008000e5c       0x64 ./Core/tinyUSB/class/cdc/cdc_device.o
                0x0000000008000e5c                cdcd_reset
 .text.cdcd_open
                0x0000000008000ec0      0x1f8 ./Core/tinyUSB/class/cdc/cdc_device.o
                0x0000000008000ec0                cdcd_open
 .text.cdcd_control_xfer_cb
                0x00000000080010b8      0x1d4 ./Core/tinyUSB/class/cdc/cdc_device.o
                0x00000000080010b8                cdcd_control_xfer_cb
 .text.cdcd_xfer_cb
                0x000000000800128c      0x18c ./Core/tinyUSB/class/cdc/cdc_device.o
                0x000000000800128c                cdcd_xfer_cb
 .text.send_csw
                0x0000000008001418       0x40 ./Core/tinyUSB/class/msc/msc_device.o
 .text.prepare_cbw
                0x0000000008001458       0x2e ./Core/tinyUSB/class/msc/msc_device.o
 .text.fail_scsi_op
                0x0000000008001486       0xb0 ./Core/tinyUSB/class/msc/msc_device.o
 .text.rdwr10_get_lba
                0x0000000008001536       0x24 ./Core/tinyUSB/class/msc/msc_device.o
 .text.rdwr10_get_blockcount
                0x000000000800155a       0x28 ./Core/tinyUSB/class/msc/msc_device.o
 .text.rdwr10_get_blocksize
                0x0000000008001582       0x30 ./Core/tinyUSB/class/msc/msc_device.o
 .text.rdwr10_validate_cmd
                0x00000000080015b2       0xc0 ./Core/tinyUSB/class/msc/msc_device.o
                0x00000000080015b2                rdwr10_validate_cmd
 *fill*         0x0000000008001672        0x2 
 .text.tud_msc_set_sense
                0x0000000008001674       0x48 ./Core/tinyUSB/class/msc/msc_device.o
                0x0000000008001674                tud_msc_set_sense
 .text.set_sense_medium_not_present
                0x00000000080016bc       0x1e ./Core/tinyUSB/class/msc/msc_device.o
 *fill*         0x00000000080016da        0x2 
 .text.mscd_init
                0x00000000080016dc       0x18 ./Core/tinyUSB/class/msc/msc_device.o
                0x00000000080016dc                mscd_init
 .text.mscd_reset
                0x00000000080016f4       0x20 ./Core/tinyUSB/class/msc/msc_device.o
                0x00000000080016f4                mscd_reset
 .text.mscd_open
                0x0000000008001714       0xe4 ./Core/tinyUSB/class/msc/msc_device.o
                0x0000000008001714                mscd_open
 .text.proc_bot_reset
                0x00000000080017f8       0x40 ./Core/tinyUSB/class/msc/msc_device.o
 .text.mscd_control_xfer_cb
                0x0000000008001838      0x1fc ./Core/tinyUSB/class/msc/msc_device.o
                0x0000000008001838                mscd_control_xfer_cb
 .text.mscd_xfer_cb
                0x0000000008001a34      0x500 ./Core/tinyUSB/class/msc/msc_device.o
                0x0000000008001a34                mscd_xfer_cb
 .text.proc_builtin_scsi
                0x0000000008001f34      0x42c ./Core/tinyUSB/class/msc/msc_device.o
 .text.proc_read10_cmd
                0x0000000008002360      0x128 ./Core/tinyUSB/class/msc/msc_device.o
 .text.proc_write10_cmd
                0x0000000008002488       0xb0 ./Core/tinyUSB/class/msc/msc_device.o
 .text.proc_write10_new_data
                0x0000000008002538      0x148 ./Core/tinyUSB/class/msc/msc_device.o
 .text.tu_fifo_config
                0x0000000008002680       0x70 ./Core/tinyUSB/common/tusb_fifo.o
                0x0000000008002680                tu_fifo_config
 .text._ff_mod  0x00000000080026f0       0x30 ./Core/tinyUSB/common/tusb_fifo.o
 .text._ff_push_const_addr
                0x0000000008002720       0x68 ./Core/tinyUSB/common/tusb_fifo.o
 .text._ff_pull_const_addr
                0x0000000008002788       0x66 ./Core/tinyUSB/common/tusb_fifo.o
 .text._ff_push
                0x00000000080027ee       0x32 ./Core/tinyUSB/common/tusb_fifo.o
 .text._ff_push_n
                0x0000000008002820      0x198 ./Core/tinyUSB/common/tusb_fifo.o
 .text._ff_pull
                0x00000000080029b8       0x32 ./Core/tinyUSB/common/tusb_fifo.o
 .text._ff_pull_n
                0x00000000080029ea      0x19c ./Core/tinyUSB/common/tusb_fifo.o
 .text.advance_pointer
                0x0000000008002b86       0x56 ./Core/tinyUSB/common/tusb_fifo.o
 .text.backward_pointer
                0x0000000008002bdc       0x50 ./Core/tinyUSB/common/tusb_fifo.o
 .text.get_relative_pointer
                0x0000000008002c2c       0x24 ./Core/tinyUSB/common/tusb_fifo.o
 .text._tu_fifo_count
                0x0000000008002c50       0x38 ./Core/tinyUSB/common/tusb_fifo.o
 .text._tu_fifo_empty
                0x0000000008002c88       0x2a ./Core/tinyUSB/common/tusb_fifo.o
 .text._tu_fifo_full
                0x0000000008002cb2       0x36 ./Core/tinyUSB/common/tusb_fifo.o
 .text._tu_fifo_correct_read_pointer
                0x0000000008002ce8       0x2a ./Core/tinyUSB/common/tusb_fifo.o
 .text._tu_fifo_peek
                0x0000000008002d12       0x6e ./Core/tinyUSB/common/tusb_fifo.o
 .text._tu_fifo_peek_n
                0x0000000008002d80       0x88 ./Core/tinyUSB/common/tusb_fifo.o
 .text._tu_fifo_remaining
                0x0000000008002e08       0x2e ./Core/tinyUSB/common/tusb_fifo.o
 .text._tu_fifo_write_n
                0x0000000008002e36       0xd0 ./Core/tinyUSB/common/tusb_fifo.o
 .text._tu_fifo_read_n
                0x0000000008002f06       0x5c ./Core/tinyUSB/common/tusb_fifo.o
 .text.tu_fifo_count
                0x0000000008002f62       0x3c ./Core/tinyUSB/common/tusb_fifo.o
                0x0000000008002f62                tu_fifo_count
 .text.tu_fifo_empty
                0x0000000008002f9e       0x26 ./Core/tinyUSB/common/tusb_fifo.o
                0x0000000008002f9e                tu_fifo_empty
 .text.tu_fifo_remaining
                0x0000000008002fc4       0x26 ./Core/tinyUSB/common/tusb_fifo.o
                0x0000000008002fc4                tu_fifo_remaining
 .text.tu_fifo_read
                0x0000000008002fea       0x46 ./Core/tinyUSB/common/tusb_fifo.o
                0x0000000008002fea                tu_fifo_read
 .text.tu_fifo_read_n
                0x0000000008003030       0x24 ./Core/tinyUSB/common/tusb_fifo.o
                0x0000000008003030                tu_fifo_read_n
 .text.tu_fifo_read_n_const_addr_full_words
                0x0000000008003054       0x24 ./Core/tinyUSB/common/tusb_fifo.o
                0x0000000008003054                tu_fifo_read_n_const_addr_full_words
 .text.tu_fifo_write
                0x0000000008003078       0x76 ./Core/tinyUSB/common/tusb_fifo.o
                0x0000000008003078                tu_fifo_write
 .text.tu_fifo_write_n
                0x00000000080030ee       0x24 ./Core/tinyUSB/common/tusb_fifo.o
                0x00000000080030ee                tu_fifo_write_n
 .text.tu_fifo_write_n_const_addr_full_words
                0x0000000008003112       0x24 ./Core/tinyUSB/common/tusb_fifo.o
                0x0000000008003112                tu_fifo_write_n_const_addr_full_words
 .text.tu_fifo_clear
                0x0000000008003136       0x40 ./Core/tinyUSB/common/tusb_fifo.o
                0x0000000008003136                tu_fifo_clear
 .text.tu_fifo_set_overwritable
                0x0000000008003176       0x20 ./Core/tinyUSB/common/tusb_fifo.o
                0x0000000008003176                tu_fifo_set_overwritable
 *fill*         0x0000000008003196        0x2 
 .text.get_driver
                0x0000000008003198       0x6c ./Core/tinyUSB/device/usbd.o
 .text.tud_mounted
                0x0000000008003204       0x24 ./Core/tinyUSB/device/usbd.o
                0x0000000008003204                tud_mounted
 .text.tud_suspended
                0x0000000008003228       0x28 ./Core/tinyUSB/device/usbd.o
                0x0000000008003228                tud_suspended
 .text.tud_inited
                0x0000000008003250       0x20 ./Core/tinyUSB/device/usbd.o
                0x0000000008003250                tud_inited
 .text.configuration_reset
                0x0000000008003270       0x8c ./Core/tinyUSB/device/usbd.o
 .text.usbd_reset
                0x00000000080032fc       0x1e ./Core/tinyUSB/device/usbd.o
 *fill*         0x000000000800331a        0x2 
 .text.tud_task_ext
                0x000000000800331c      0x29c ./Core/tinyUSB/device/usbd.o
                0x000000000800331c                tud_task_ext
 .text.invoke_class_control
                0x00000000080035b8       0x2e ./Core/tinyUSB/device/usbd.o
 *fill*         0x00000000080035e6        0x2 
 .text.process_control_request
                0x00000000080035e8      0x4d8 ./Core/tinyUSB/device/usbd.o
 .text.process_set_config
                0x0000000008003ac0      0x238 ./Core/tinyUSB/device/usbd.o
 .text.process_get_descriptor
                0x0000000008003cf8      0x1d0 ./Core/tinyUSB/device/usbd.o
 .text.dcd_event_handler
                0x0000000008003ec8      0x3ec ./Core/tinyUSB/device/usbd.o
                0x0000000008003ec8                dcd_event_handler
 .text.usbd_open_edpt_pair
                0x00000000080042b4       0xd0 ./Core/tinyUSB/device/usbd.o
                0x00000000080042b4                usbd_open_edpt_pair
 .text.usbd_edpt_open
                0x0000000008004384       0x88 ./Core/tinyUSB/device/usbd.o
                0x0000000008004384                usbd_edpt_open
 .text.usbd_edpt_claim
                0x000000000800440c       0x54 ./Core/tinyUSB/device/usbd.o
                0x000000000800440c                usbd_edpt_claim
 .text.usbd_edpt_release
                0x0000000008004460       0x54 ./Core/tinyUSB/device/usbd.o
                0x0000000008004460                usbd_edpt_release
 .text.usbd_edpt_xfer
                0x00000000080044b4       0xec ./Core/tinyUSB/device/usbd.o
                0x00000000080044b4                usbd_edpt_xfer
 .text.usbd_edpt_busy
                0x00000000080045a0       0x5c ./Core/tinyUSB/device/usbd.o
                0x00000000080045a0                usbd_edpt_busy
 .text.usbd_edpt_stall
                0x00000000080045fc       0x98 ./Core/tinyUSB/device/usbd.o
                0x00000000080045fc                usbd_edpt_stall
 .text.usbd_edpt_clear_stall
                0x0000000008004694       0x98 ./Core/tinyUSB/device/usbd.o
                0x0000000008004694                usbd_edpt_clear_stall
 .text.usbd_edpt_stalled
                0x000000000800472c       0x5c ./Core/tinyUSB/device/usbd.o
                0x000000000800472c                usbd_edpt_stalled
 .text._status_stage_xact
                0x0000000008004788       0x38 ./Core/tinyUSB/device/usbd_control.o
 .text.tud_control_status
                0x00000000080047c0       0x40 ./Core/tinyUSB/device/usbd_control.o
                0x00000000080047c0                tud_control_status
 .text._data_stage_xact
                0x0000000008004800       0x7c ./Core/tinyUSB/device/usbd_control.o
 .text.tud_control_xfer
                0x000000000800487c       0xe0 ./Core/tinyUSB/device/usbd_control.o
                0x000000000800487c                tud_control_xfer
 .text.usbd_control_reset
                0x000000000800495c       0x18 ./Core/tinyUSB/device/usbd_control.o
                0x000000000800495c                usbd_control_reset
 .text.usbd_control_set_complete_callback
                0x0000000008004974       0x20 ./Core/tinyUSB/device/usbd_control.o
                0x0000000008004974                usbd_control_set_complete_callback
 .text.usbd_control_set_request
                0x0000000008004994       0x34 ./Core/tinyUSB/device/usbd_control.o
                0x0000000008004994                usbd_control_set_request
 .text.usbd_control_xfer_cb
                0x00000000080049c8      0x170 ./Core/tinyUSB/device/usbd_control.o
                0x00000000080049c8                usbd_control_xfer_cb
 .text.calc_rx_ff_size
                0x0000000008004b38       0x24 ./Core/tinyUSB/portable/st/synopsys/dcd_synopsys.o
 .text.update_grxfsiz
                0x0000000008004b5c       0x64 ./Core/tinyUSB/portable/st/synopsys/dcd_synopsys.o
 .text.bus_reset
                0x0000000008004bc0       0xec ./Core/tinyUSB/portable/st/synopsys/dcd_synopsys.o
 .text.set_turnaround
                0x0000000008004cac      0x104 ./Core/tinyUSB/portable/st/synopsys/dcd_synopsys.o
 .text.get_speed
                0x0000000008004db0       0x38 ./Core/tinyUSB/portable/st/synopsys/dcd_synopsys.o
 .text.edpt_schedule_packets
                0x0000000008004de8      0x1e4 ./Core/tinyUSB/portable/st/synopsys/dcd_synopsys.o
 .text.dcd_set_address
                0x0000000008004fcc       0x5c ./Core/tinyUSB/portable/st/synopsys/dcd_synopsys.o
                0x0000000008004fcc                dcd_set_address
 .text.dcd_edpt_open
                0x0000000008005028      0x230 ./Core/tinyUSB/portable/st/synopsys/dcd_synopsys.o
                0x0000000008005028                dcd_edpt_open
 .text.dcd_edpt_close_all
                0x0000000008005258       0x8c ./Core/tinyUSB/portable/st/synopsys/dcd_synopsys.o
                0x0000000008005258                dcd_edpt_close_all
 .text.dcd_edpt_xfer
                0x00000000080052e4       0xd0 ./Core/tinyUSB/portable/st/synopsys/dcd_synopsys.o
                0x00000000080052e4                dcd_edpt_xfer
 .text.dcd_edpt_disable
                0x00000000080053b4      0x1dc ./Core/tinyUSB/portable/st/synopsys/dcd_synopsys.o
 .text.dcd_edpt_stall
                0x0000000008005590       0x24 ./Core/tinyUSB/portable/st/synopsys/dcd_synopsys.o
                0x0000000008005590                dcd_edpt_stall
 .text.dcd_edpt_clear_stall
                0x00000000080055b4       0xb0 ./Core/tinyUSB/portable/st/synopsys/dcd_synopsys.o
                0x00000000080055b4                dcd_edpt_clear_stall
 .text.read_fifo_packet
                0x0000000008005664       0xb8 ./Core/tinyUSB/portable/st/synopsys/dcd_synopsys.o
 .text.write_fifo_packet
                0x000000000800571c       0xc8 ./Core/tinyUSB/portable/st/synopsys/dcd_synopsys.o
 .text.handle_rxflvl_ints
                0x00000000080057e4      0x14c ./Core/tinyUSB/portable/st/synopsys/dcd_synopsys.o
 .text.handle_epout_ints
                0x0000000008005930      0x174 ./Core/tinyUSB/portable/st/synopsys/dcd_synopsys.o
 .text.handle_epin_ints
                0x0000000008005aa4      0x210 ./Core/tinyUSB/portable/st/synopsys/dcd_synopsys.o
 .text.dcd_int_handler
                0x0000000008005cb4      0x29c ./Core/tinyUSB/portable/st/synopsys/dcd_synopsys.o
                0x0000000008005cb4                dcd_int_handler
 .text.tusb_init
                0x0000000008005f50       0x10 ./Core/tinyUSB/tusb.o
                0x0000000008005f50                tusb_init
 .text.tusb_inited
                0x0000000008005f60       0x34 ./Core/tinyUSB/tusb.o
                0x0000000008005f60                tusb_inited
 .text.tu_edpt_claim
                0x0000000008005f94       0x54 ./Core/tinyUSB/tusb.o
                0x0000000008005f94                tu_edpt_claim
 .text.tu_edpt_release
                0x0000000008005fe8       0x54 ./Core/tinyUSB/tusb.o
                0x0000000008005fe8                tu_edpt_release
 .text.tu_edpt_validate
                0x000000000800603c       0xf8 ./Core/tinyUSB/tusb.o
                0x000000000800603c                tu_edpt_validate
 .text.tu_edpt_bind_driver
                0x0000000008006134       0x8a ./Core/tinyUSB/tusb.o
                0x0000000008006134                tu_edpt_bind_driver
 *fill*         0x00000000080061be        0x2 
 .text.HAL_Init
                0x00000000080061c0       0x44 ./Drivers/STM32F4xx_HAL_Driver/Src/stm32f4xx_hal.o
                0x00000000080061c0                HAL_Init
 .text.HAL_InitTick
                0x0000000008006204       0x60 ./Drivers/STM32F4xx_HAL_Driver/Src/stm32f4xx_hal.o
                0x0000000008006204                HAL_InitTick
 .text.HAL_IncTick
                0x0000000008006264       0x28 ./Drivers/STM32F4xx_HAL_Driver/Src/stm32f4xx_hal.o
                0x0000000008006264                HAL_IncTick
 .text.HAL_GetTick
                0x000000000800628c       0x18 ./Drivers/STM32F4xx_HAL_Driver/Src/stm32f4xx_hal.o
                0x000000000800628c                HAL_GetTick
 .text.HAL_Delay
                0x00000000080062a4       0x48 ./Drivers/STM32F4xx_HAL_Driver/Src/stm32f4xx_hal.o
                0x00000000080062a4                HAL_Delay
 .text.__NVIC_SetPriorityGrouping
                0x00000000080062ec       0x48 ./Drivers/STM32F4xx_HAL_Driver/Src/stm32f4xx_hal_cortex.o
 .text.__NVIC_GetPriorityGrouping
                0x0000000008006334       0x1c ./Drivers/STM32F4xx_HAL_Driver/Src/stm32f4xx_hal_cortex.o
 .text.__NVIC_EnableIRQ
                0x0000000008006350       0x3c ./Drivers/STM32F4xx_HAL_Driver/Src/stm32f4xx_hal_cortex.o
 .text.__NVIC_SetPriority
                0x000000000800638c       0x54 ./Drivers/STM32F4xx_HAL_Driver/Src/stm32f4xx_hal_cortex.o
 .text.NVIC_EncodePriority
                0x00000000080063e0       0x66 ./Drivers/STM32F4xx_HAL_Driver/Src/stm32f4xx_hal_cortex.o
 *fill*         0x0000000008006446        0x2 
 .text.SysTick_Config
                0x0000000008006448       0x44 ./Drivers/STM32F4xx_HAL_Driver/Src/stm32f4xx_hal_cortex.o
 .text.HAL_NVIC_SetPriorityGrouping
                0x000000000800648c       0x16 ./Drivers/STM32F4xx_HAL_Driver/Src/stm32f4xx_hal_cortex.o
                0x000000000800648c                HAL_NVIC_SetPriorityGrouping
 .text.HAL_NVIC_SetPriority
                0x00000000080064a2       0x38 ./Drivers/STM32F4xx_HAL_Driver/Src/stm32f4xx_hal_cortex.o
                0x00000000080064a2                HAL_NVIC_SetPriority
 .text.HAL_NVIC_EnableIRQ
                0x00000000080064da       0x1c ./Drivers/STM32F4xx_HAL_Driver/Src/stm32f4xx_hal_cortex.o
                0x00000000080064da                HAL_NVIC_EnableIRQ
 .text.HAL_SYSTICK_Config
                0x00000000080064f6       0x18 ./Drivers/STM32F4xx_HAL_Driver/Src/stm32f4xx_hal_cortex.o
                0x00000000080064f6                HAL_SYSTICK_Config
 *fill*         0x000000000800650e        0x2 
 .text.HAL_GPIO_Init
                0x0000000008006510      0x308 ./Drivers/STM32F4xx_HAL_Driver/Src/stm32f4xx_hal_gpio.o
                0x0000000008006510                HAL_GPIO_Init
 .text.HAL_PCD_Init
                0x0000000008006818      0x23a ./Drivers/STM32F4xx_HAL_Driver/Src/stm32f4xx_hal_pcd.o
                0x0000000008006818                HAL_PCD_Init
 *fill*         0x0000000008006a52        0x2 
 .text.HAL_RCC_OscConfig
                0x0000000008006a54      0x4f0 ./Drivers/STM32F4xx_HAL_Driver/Src/stm32f4xx_hal_rcc.o
                0x0000000008006a54                HAL_RCC_OscConfig
 .text.HAL_RCC_ClockConfig
                0x0000000008006f44      0x1cc ./Drivers/STM32F4xx_HAL_Driver/Src/stm32f4xx_hal_rcc.o
                0x0000000008006f44                HAL_RCC_ClockConfig
 .text.HAL_RCC_GetSysClockFreq
                0x0000000008007110      0x208 ./Drivers/STM32F4xx_HAL_Driver/Src/stm32f4xx_hal_rcc.o
                0x0000000008007110                HAL_RCC_GetSysClockFreq
 .text.USB_CoreInit
                0x0000000008007318       0xc2 ./Drivers/STM32F4xx_HAL_Driver/Src/stm32f4xx_ll_usb.o
                0x0000000008007318                USB_CoreInit
 .text.USB_DisableGlobalInt
                0x00000000080073da       0x22 ./Drivers/STM32F4xx_HAL_Driver/Src/stm32f4xx_ll_usb.o
                0x00000000080073da                USB_DisableGlobalInt
 .text.USB_SetCurrentMode
                0x00000000080073fc       0x98 ./Drivers/STM32F4xx_HAL_Driver/Src/stm32f4xx_ll_usb.o
                0x00000000080073fc                USB_SetCurrentMode
 .text.USB_DevInit
                0x0000000008007494      0x2c8 ./Drivers/STM32F4xx_HAL_Driver/Src/stm32f4xx_ll_usb.o
                0x0000000008007494                USB_DevInit
 .text.USB_FlushTxFifo
                0x000000000800775c       0x68 ./Drivers/STM32F4xx_HAL_Driver/Src/stm32f4xx_ll_usb.o
                0x000000000800775c                USB_FlushTxFifo
 .text.USB_FlushRxFifo
                0x00000000080077c4       0x60 ./Drivers/STM32F4xx_HAL_Driver/Src/stm32f4xx_ll_usb.o
                0x00000000080077c4                USB_FlushRxFifo
 .text.USB_SetDevSpeed
                0x0000000008007824       0x32 ./Drivers/STM32F4xx_HAL_Driver/Src/stm32f4xx_ll_usb.o
                0x0000000008007824                USB_SetDevSpeed
 .text.USB_DevDisconnect
                0x0000000008007856       0x42 ./Drivers/STM32F4xx_HAL_Driver/Src/stm32f4xx_ll_usb.o
                0x0000000008007856                USB_DevDisconnect
 .text.USB_GetMode
                0x0000000008007898       0x1c ./Drivers/STM32F4xx_HAL_Driver/Src/stm32f4xx_ll_usb.o
                0x0000000008007898                USB_GetMode
 .text.USB_CoreReset
                0x00000000080078b4       0x68 ./Drivers/STM32F4xx_HAL_Driver/Src/stm32f4xx_ll_usb.o
 .text.__libc_init_array
                0x000000000800791c       0x48 c:/st/stm32cubeide_1.8.0/stm32cubeide/plugins/com.st.stm32cube.ide.mcu.externaltools.gnu-tools-for-stm32.10.3-2021.10.win32_1.0.0.202111181127/tools/bin/../lib/gcc/arm-none-eabi/10.3.1/../../../../arm-none-eabi/lib/thumb/v7e-m+fp/hard\libc_nano.a(lib_a-init.o)
                0x000000000800791c                __libc_init_array
 .text.memcpy   0x0000000008007964       0x1c c:/st/stm32cubeide_1.8.0/stm32cubeide/plugins/com.st.stm32cube.ide.mcu.externaltools.gnu-tools-for-stm32.10.3-2021.10.win32_1.0.0.202111181127/tools/bin/../lib/gcc/arm-none-eabi/10.3.1/../../../../arm-none-eabi/lib/thumb/v7e-m+fp/hard\libc_nano.a(lib_a-memcpy-stub.o)
                0x0000000008007964                memcpy
 .text.memmove  0x0000000008007980       0x34 c:/st/stm32cubeide_1.8.0/stm32cubeide/plugins/com.st.stm32cube.ide.mcu.externaltools.gnu-tools-for-stm32.10.3-2021.10.win32_1.0.0.202111181127/tools/bin/../lib/gcc/arm-none-eabi/10.3.1/../../../../arm-none-eabi/lib/thumb/v7e-m+fp/hard\libc_nano.a(lib_a-memmove.o)
                0x0000000008007980                memmove
 .text.memset   0x00000000080079b4       0x10 c:/st/stm32cubeide_1.8.0/stm32cubeide/plugins/com.st.stm32cube.ide.mcu.externaltools.gnu-tools-for-stm32.10.3-2021.10.win32_1.0.0.202111181127/tools/bin/../lib/gcc/arm-none-eabi/10.3.1/../../../../arm-none-eabi/lib/thumb/v7e-m+fp/hard\libc_nano.a(lib_a-memset.o)
                0x00000000080079b4                memset
 *(.glue_7)
 .glue_7        0x00000000080079c4        0x0 linker stubs
 *(.glue_7t)
 .glue_7t       0x00000000080079c4        0x0 linker stubs
 *(.eh_frame)
 .eh_frame      0x00000000080079c4        0x0 c:/st/stm32cubeide_1.8.0/stm32cubeide/plugins/com.st.stm32cube.ide.mcu.externaltools.gnu-tools-for-stm32.10.3-2021.10.win32_1.0.0.202111181127/tools/bin/../lib/gcc/arm-none-eabi/10.3.1/thumb/v7e-m+fp/hard/crtbegin.o
 *(.init)
 .init          0x00000000080079c4        0x4 c:/st/stm32cubeide_1.8.0/stm32cubeide/plugins/com.st.stm32cube.ide.mcu.externaltools.gnu-tools-for-stm32.10.3-2021.10.win32_1.0.0.202111181127/tools/bin/../lib/gcc/arm-none-eabi/10.3.1/thumb/v7e-m+fp/hard/crti.o
                0x00000000080079c4                _init
 .init          0x00000000080079c8        0x8 c:/st/stm32cubeide_1.8.0/stm32cubeide/plugins/com.st.stm32cube.ide.mcu.externaltools.gnu-tools-for-stm32.10.3-2021.10.win32_1.0.0.202111181127/tools/bin/../lib/gcc/arm-none-eabi/10.3.1/thumb/v7e-m+fp/hard/crtn.o
 *(.fini)
 .fini          0x00000000080079d0        0x4 c:/st/stm32cubeide_1.8.0/stm32cubeide/plugins/com.st.stm32cube.ide.mcu.externaltools.gnu-tools-for-stm32.10.3-2021.10.win32_1.0.0.202111181127/tools/bin/../lib/gcc/arm-none-eabi/10.3.1/thumb/v7e-m+fp/hard/crti.o
                0x00000000080079d0                _fini
 .fini          0x00000000080079d4        0x8 c:/st/stm32cubeide_1.8.0/stm32cubeide/plugins/com.st.stm32cube.ide.mcu.externaltools.gnu-tools-for-stm32.10.3-2021.10.win32_1.0.0.202111181127/tools/bin/../lib/gcc/arm-none-eabi/10.3.1/thumb/v7e-m+fp/hard/crtn.o
                0x00000000080079dc                . = ALIGN (0x4)
                0x00000000080079dc                _etext = .

.vfp11_veneer   0x00000000080079dc        0x0
 .vfp11_veneer  0x00000000080079dc        0x0 linker stubs

.v4_bx          0x00000000080079dc        0x0
 .v4_bx         0x00000000080079dc        0x0 linker stubs

.iplt           0x00000000080079dc        0x0
 .iplt          0x00000000080079dc        0x0 c:/st/stm32cubeide_1.8.0/stm32cubeide/plugins/com.st.stm32cube.ide.mcu.externaltools.gnu-tools-for-stm32.10.3-2021.10.win32_1.0.0.202111181127/tools/bin/../lib/gcc/arm-none-eabi/10.3.1/thumb/v7e-m+fp/hard/crtbegin.o

.rodata         0x00000000080079dc      0x114
                0x00000000080079dc                . = ALIGN (0x4)
 *(.rodata)
 .rodata        0x00000000080079dc       0x15 ./Core/Src/msc_disk.o
 *fill*         0x00000000080079f1        0x3 
 .rodata        0x00000000080079f4       0x40 ./Core/Src/usb_descriptors.o
 *(.rodata*)
 .rodata.AHBPrescTable
                0x0000000008007a34       0x10 ./Core/Src/system_stm32f4xx.o
                0x0000000008007a34                AHBPrescTable
 .rodata.desc_device
                0x0000000008007a44       0x12 ./Core/Src/usb_descriptors.o
                0x0000000008007a44                desc_device
 *fill*         0x0000000008007a56        0x2 
 .rodata.desc_fs_configuration
                0x0000000008007a58       0x62 ./Core/Src/usb_descriptors.o
                0x0000000008007a58                desc_fs_configuration
 *fill*         0x0000000008007aba        0x2 
 .rodata.__compound_literal.0
                0x0000000008007abc        0x2 ./Core/Src/usb_descriptors.o
 *fill*         0x0000000008007abe        0x2 
 .rodata._usbd_driver
                0x0000000008007ac0       0x30 ./Core/tinyUSB/device/usbd.o
                0x0000000008007af0                . = ALIGN (0x4)

.ARM.extab      0x0000000008007af0        0x0
                0x0000000008007af0                . = ALIGN (0x4)
 *(.ARM.extab* .gnu.linkonce.armextab.*)
                0x0000000008007af0                . = ALIGN (0x4)

.ARM            0x0000000008007af0        0x8
                0x0000000008007af0                . = ALIGN (0x4)
                0x0000000008007af0                __exidx_start = .
 *(.ARM.exidx*)
 .ARM.exidx     0x0000000008007af0        0x8 c:/st/stm32cubeide_1.8.0/stm32cubeide/plugins/com.st.stm32cube.ide.mcu.externaltools.gnu-tools-for-stm32.10.3-2021.10.win32_1.0.0.202111181127/tools/bin/../lib/gcc/arm-none-eabi/10.3.1/thumb/v7e-m+fp/hard\libgcc.a(_udivmoddi4.o)
                0x0000000008007af8                __exidx_end = .
                0x0000000008007af8                . = ALIGN (0x4)

.rel.dyn        0x0000000008007af8        0x0
 .rel.iplt      0x0000000008007af8        0x0 c:/st/stm32cubeide_1.8.0/stm32cubeide/plugins/com.st.stm32cube.ide.mcu.externaltools.gnu-tools-for-stm32.10.3-2021.10.win32_1.0.0.202111181127/tools/bin/../lib/gcc/arm-none-eabi/10.3.1/thumb/v7e-m+fp/hard/crtbegin.o

.preinit_array  0x0000000008007af8        0x0
                0x0000000008007af8                . = ALIGN (0x4)
                0x0000000008007af8                PROVIDE (__preinit_array_start = .)
 *(.preinit_array*)
                0x0000000008007af8                PROVIDE (__preinit_array_end = .)
                0x0000000008007af8                . = ALIGN (0x4)

.init_array     0x0000000008007af8        0x4
                0x0000000008007af8                . = ALIGN (0x4)
                0x0000000008007af8                PROVIDE (__init_array_start = .)
 *(SORT_BY_NAME(.init_array.*))
 *(.init_array*)
 .init_array    0x0000000008007af8        0x4 c:/st/stm32cubeide_1.8.0/stm32cubeide/plugins/com.st.stm32cube.ide.mcu.externaltools.gnu-tools-for-stm32.10.3-2021.10.win32_1.0.0.202111181127/tools/bin/../lib/gcc/arm-none-eabi/10.3.1/thumb/v7e-m+fp/hard/crtbegin.o
                0x0000000008007afc                PROVIDE (__init_array_end = .)
                0x0000000008007afc                . = ALIGN (0x4)

.fini_array     0x0000000008007afc        0x4
                0x0000000008007afc                . = ALIGN (0x4)
                [!provide]                        PROVIDE (__fini_array_start = .)
 *(SORT_BY_NAME(.fini_array.*))
 *(.fini_array*)
 .fini_array    0x0000000008007afc        0x4 c:/st/stm32cubeide_1.8.0/stm32cubeide/plugins/com.st.stm32cube.ide.mcu.externaltools.gnu-tools-for-stm32.10.3-2021.10.win32_1.0.0.202111181127/tools/bin/../lib/gcc/arm-none-eabi/10.3.1/thumb/v7e-m+fp/hard/crtbegin.o
                [!provide]                        PROVIDE (__fini_array_end = .)
                0x0000000008007b00                . = ALIGN (0x4)
                0x0000000008007b00                _sidata = LOADADDR (.data)

.data           0x0000000020000000     0x2028 load address 0x0000000008007b00
                0x0000000020000000                . = ALIGN (0x4)
                0x0000000020000000                _sdata = .
 *(.data)
 *(.data*)
 .data.msc_disk
                0x0000000020000000     0x2000 ./Core/Src/msc_disk.o
                0x0000000020000000                msc_disk
 .data.SystemCoreClock
                0x0000000020002000        0x4 ./Core/Src/system_stm32f4xx.o
                0x0000000020002000                SystemCoreClock
 .data.string_desc_arr
                0x0000000020002004       0x18 ./Core/Src/usb_descriptors.o
                0x0000000020002004                string_desc_arr
 .data._usbd_rhport
                0x000000002000201c        0x1 ./Core/tinyUSB/device/usbd.o
 *fill*         0x000000002000201d        0x3 
 .data.uwTickPrio
                0x0000000020002020        0x4 ./Drivers/STM32F4xx_HAL_Driver/Src/stm32f4xx_hal.o
                0x0000000020002020                uwTickPrio
 .data.uwTickFreq
                0x0000000020002024        0x1 ./Drivers/STM32F4xx_HAL_Driver/Src/stm32f4xx_hal.o
                0x0000000020002024                uwTickFreq
 *(.RamFunc)
 *(.RamFunc*)
                0x0000000020002028                . = ALIGN (0x4)
 *fill*         0x0000000020002025        0x3 
                0x0000000020002028                _edata = .

.igot.plt       0x0000000020002028        0x0 load address 0x0000000008009b28
 .igot.plt      0x0000000020002028        0x0 c:/st/stm32cubeide_1.8.0/stm32cubeide/plugins/com.st.stm32cube.ide.mcu.externaltools.gnu-tools-for-stm32.10.3-2021.10.win32_1.0.0.202111181127/tools/bin/../lib/gcc/arm-none-eabi/10.3.1/thumb/v7e-m+fp/hard/crtbegin.o
                0x0000000020002028                . = ALIGN (0x4)

.bss            0x0000000020002028      0xa04 load address 0x0000000008009b28
                0x0000000020002028                _sbss = .
                0x0000000020002028                __bss_start__ = _sbss
 *(.bss)
 .bss           0x0000000020002028       0x1c c:/st/stm32cubeide_1.8.0/stm32cubeide/plugins/com.st.stm32cube.ide.mcu.externaltools.gnu-tools-for-stm32.10.3-2021.10.win32_1.0.0.202111181127/tools/bin/../lib/gcc/arm-none-eabi/10.3.1/thumb/v7e-m+fp/hard/crtbegin.o
 *(.bss*)
 .bss.ejected   0x0000000020002044        0x1 ./Core/Src/msc_disk.o
 *fill*         0x0000000020002045        0x3 
 .bss._desc_str
                0x0000000020002048       0x40 ./Core/Src/usb_descriptors.o
 .bss.hpcd_USB_OTG_FS
                0x0000000020002088      0x50c ./Core/Src/usb_otg.o
                0x0000000020002088                hpcd_USB_OTG_FS
 .bss._cdcd_itf
                0x0000000020002594      0x138 ./Core/tinyUSB/class/cdc/cdc_device.o
 .bss._mscd_itf
                0x00000000200026cc       0x40 ./Core/tinyUSB/class/msc/msc_device.o
 .bss._mscd_buf
                0x000000002000270c      0x200 ./Core/tinyUSB/class/msc/msc_device.o
 .bss._usbd_dev
                0x000000002000290c       0x2b ./Core/tinyUSB/device/usbd.o
 *fill*         0x0000000020002937        0x1 
 .bss._app_driver
                0x0000000020002938        0x4 ./Core/tinyUSB/device/usbd.o
 .bss._app_driver_count
                0x000000002000293c        0x1 ./Core/tinyUSB/device/usbd.o
 *fill*         0x000000002000293d        0x3 
 .bss._usbd_q   0x0000000020002940        0x4 ./Core/tinyUSB/device/usbd.o
 .bss._ctrl_xfer
                0x0000000020002944       0x14 ./Core/tinyUSB/device/usbd_control.o
 .bss._usbd_ctrl_buf
                0x0000000020002958       0x40 ./Core/tinyUSB/device/usbd_control.o
 .bss._setup_packet
                0x0000000020002998        0x8 ./Core/tinyUSB/portable/st/synopsys/dcd_synopsys.o
 .bss.xfer_status
                0x00000000200029a0       0x80 ./Core/tinyUSB/portable/st/synopsys/dcd_synopsys.o
                0x00000000200029a0                xfer_status
 .bss.ep0_pending
                0x0000000020002a20        0x4 ./Core/tinyUSB/portable/st/synopsys/dcd_synopsys.o
 .bss._allocated_fifo_words_tx
                0x0000000020002a24        0x2 ./Core/tinyUSB/portable/st/synopsys/dcd_synopsys.o
 .bss._out_ep_closed
                0x0000000020002a26        0x1 ./Core/tinyUSB/portable/st/synopsys/dcd_synopsys.o
 *fill*         0x0000000020002a27        0x1 
 .bss.uwTick    0x0000000020002a28        0x4 ./Drivers/STM32F4xx_HAL_Driver/Src/stm32f4xx_hal.o
                0x0000000020002a28                uwTick
 *(COMMON)
                0x0000000020002a2c                . = ALIGN (0x4)
                0x0000000020002a2c                _ebss = .
                0x0000000020002a2c                __bss_end__ = _ebss

._user_heap_stack
                0x0000000020002a2c      0x604 load address 0x0000000008009b28
                0x0000000020002a30                . = ALIGN (0x8)
 *fill*         0x0000000020002a2c        0x4 
                [!provide]                        PROVIDE (end = .)
                0x0000000020002a30                PROVIDE (_end = .)
                0x0000000020002c30                . = (. + _Min_Heap_Size)
 *fill*         0x0000000020002a30      0x200 
                0x0000000020003030                . = (. + _Min_Stack_Size)
 *fill*         0x0000000020002c30      0x400 
                0x0000000020003030                . = ALIGN (0x8)

/DISCARD/
 libc.a(*)
 libm.a(*)
 libgcc.a(*)

.ARM.attributes
                0x0000000000000000       0x30
 *(.ARM.attributes)
 .ARM.attributes
                0x0000000000000000       0x1e c:/st/stm32cubeide_1.8.0/stm32cubeide/plugins/com.st.stm32cube.ide.mcu.externaltools.gnu-tools-for-stm32.10.3-2021.10.win32_1.0.0.202111181127/tools/bin/../lib/gcc/arm-none-eabi/10.3.1/thumb/v7e-m+fp/hard/crti.o
 .ARM.attributes
                0x000000000000001e       0x34 c:/st/stm32cubeide_1.8.0/stm32cubeide/plugins/com.st.stm32cube.ide.mcu.externaltools.gnu-tools-for-stm32.10.3-2021.10.win32_1.0.0.202111181127/tools/bin/../lib/gcc/arm-none-eabi/10.3.1/thumb/v7e-m+fp/hard/crtbegin.o
 .ARM.attributes
                0x0000000000000052       0x34 ./Core/Src/gpio.o
 .ARM.attributes
                0x0000000000000086       0x34 ./Core/Src/main.o
 .ARM.attributes
                0x00000000000000ba       0x34 ./Core/Src/msc_disk.o
 .ARM.attributes
                0x00000000000000ee       0x34 ./Core/Src/stm32f4xx_hal_msp.o
 .ARM.attributes
                0x0000000000000122       0x34 ./Core/Src/stm32f4xx_it.o
 .ARM.attributes
                0x0000000000000156       0x34 ./Core/Src/system_stm32f4xx.o
 .ARM.attributes
                0x000000000000018a       0x34 ./Core/Src/usb_descriptors.o
 .ARM.attributes
                0x00000000000001be       0x34 ./Core/Src/usb_otg.o
 .ARM.attributes
                0x00000000000001f2       0x21 ./Core/Startup/startup_stm32f411ceux.o
 .ARM.attributes
                0x0000000000000213       0x34 ./Core/tinyUSB/class/cdc/cdc_device.o
 .ARM.attributes
                0x0000000000000247       0x34 ./Core/tinyUSB/class/msc/msc_device.o
 .ARM.attributes
                0x000000000000027b       0x34 ./Core/tinyUSB/common/tusb_fifo.o
 .ARM.attributes
                0x00000000000002af       0x34 ./Core/tinyUSB/device/usbd.o
 .ARM.attributes
                0x00000000000002e3       0x34 ./Core/tinyUSB/device/usbd_control.o
 .ARM.attributes
                0x0000000000000317       0x34 ./Core/tinyUSB/portable/st/synopsys/dcd_synopsys.o
 .ARM.attributes
                0x000000000000034b       0x34 ./Core/tinyUSB/tusb.o
 .ARM.attributes
                0x000000000000037f       0x34 ./Drivers/STM32F4xx_HAL_Driver/Src/stm32f4xx_hal.o
 .ARM.attributes
                0x00000000000003b3       0x34 ./Drivers/STM32F4xx_HAL_Driver/Src/stm32f4xx_hal_cortex.o
 .ARM.attributes
                0x00000000000003e7       0x34 ./Drivers/STM32F4xx_HAL_Driver/Src/stm32f4xx_hal_gpio.o
 .ARM.attributes
                0x000000000000041b       0x34 ./Drivers/STM32F4xx_HAL_Driver/Src/stm32f4xx_hal_pcd.o
 .ARM.attributes
                0x000000000000044f       0x34 ./Drivers/STM32F4xx_HAL_Driver/Src/stm32f4xx_hal_rcc.o
 .ARM.attributes
                0x0000000000000483       0x34 ./Drivers/STM32F4xx_HAL_Driver/Src/stm32f4xx_ll_usb.o
 .ARM.attributes
                0x00000000000004b7       0x34 c:/st/stm32cubeide_1.8.0/stm32cubeide/plugins/com.st.stm32cube.ide.mcu.externaltools.gnu-tools-for-stm32.10.3-2021.10.win32_1.0.0.202111181127/tools/bin/../lib/gcc/arm-none-eabi/10.3.1/../../../../arm-none-eabi/lib/thumb/v7e-m+fp/hard\libc_nano.a(lib_a-init.o)
 .ARM.attributes
                0x00000000000004eb       0x34 c:/st/stm32cubeide_1.8.0/stm32cubeide/plugins/com.st.stm32cube.ide.mcu.externaltools.gnu-tools-for-stm32.10.3-2021.10.win32_1.0.0.202111181127/tools/bin/../lib/gcc/arm-none-eabi/10.3.1/../../../../arm-none-eabi/lib/thumb/v7e-m+fp/hard\libc_nano.a(lib_a-memcpy-stub.o)
 .ARM.attributes
                0x000000000000051f       0x34 c:/st/stm32cubeide_1.8.0/stm32cubeide/plugins/com.st.stm32cube.ide.mcu.externaltools.gnu-tools-for-stm32.10.3-2021.10.win32_1.0.0.202111181127/tools/bin/../lib/gcc/arm-none-eabi/10.3.1/../../../../arm-none-eabi/lib/thumb/v7e-m+fp/hard\libc_nano.a(lib_a-memmove.o)
 .ARM.attributes
                0x0000000000000553       0x34 c:/st/stm32cubeide_1.8.0/stm32cubeide/plugins/com.st.stm32cube.ide.mcu.externaltools.gnu-tools-for-stm32.10.3-2021.10.win32_1.0.0.202111181127/tools/bin/../lib/gcc/arm-none-eabi/10.3.1/../../../../arm-none-eabi/lib/thumb/v7e-m+fp/hard\libc_nano.a(lib_a-memset.o)
 .ARM.attributes
                0x0000000000000587       0x17 c:/st/stm32cubeide_1.8.0/stm32cubeide/plugins/com.st.stm32cube.ide.mcu.externaltools.gnu-tools-for-stm32.10.3-2021.10.win32_1.0.0.202111181127/tools/bin/../lib/gcc/arm-none-eabi/10.3.1/../../../../arm-none-eabi/lib/thumb/v7e-m+fp/hard\libc_nano.a(lib_a-strlen.o)
 .ARM.attributes
                0x000000000000059e       0x1e c:/st/stm32cubeide_1.8.0/stm32cubeide/plugins/com.st.stm32cube.ide.mcu.externaltools.gnu-tools-for-stm32.10.3-2021.10.win32_1.0.0.202111181127/tools/bin/../lib/gcc/arm-none-eabi/10.3.1/thumb/v7e-m+fp/hard\libgcc.a(_aeabi_uldivmod.o)
 .ARM.attributes
                0x00000000000005bc       0x34 c:/st/stm32cubeide_1.8.0/stm32cubeide/plugins/com.st.stm32cube.ide.mcu.externaltools.gnu-tools-for-stm32.10.3-2021.10.win32_1.0.0.202111181127/tools/bin/../lib/gcc/arm-none-eabi/10.3.1/thumb/v7e-m+fp/hard\libgcc.a(_udivmoddi4.o)
 .ARM.attributes
                0x00000000000005f0       0x1e c:/st/stm32cubeide_1.8.0/stm32cubeide/plugins/com.st.stm32cube.ide.mcu.externaltools.gnu-tools-for-stm32.10.3-2021.10.win32_1.0.0.202111181127/tools/bin/../lib/gcc/arm-none-eabi/10.3.1/thumb/v7e-m+fp/hard\libgcc.a(_dvmd_tls.o)
 .ARM.attributes
                0x000000000000060e       0x1e c:/st/stm32cubeide_1.8.0/stm32cubeide/plugins/com.st.stm32cube.ide.mcu.externaltools.gnu-tools-for-stm32.10.3-2021.10.win32_1.0.0.202111181127/tools/bin/../lib/gcc/arm-none-eabi/10.3.1/thumb/v7e-m+fp/hard/crtn.o
OUTPUT(Test_tinyUSB_v3.elf elf32-littlearm)
LOAD linker stubs
LOAD c:/st/stm32cubeide_1.8.0/stm32cubeide/plugins/com.st.stm32cube.ide.mcu.externaltools.gnu-tools-for-stm32.10.3-2021.10.win32_1.0.0.202111181127/tools/bin/../lib/gcc/arm-none-eabi/10.3.1/../../../../arm-none-eabi/lib/thumb/v7e-m+fp/hard\libc.a
LOAD c:/st/stm32cubeide_1.8.0/stm32cubeide/plugins/com.st.stm32cube.ide.mcu.externaltools.gnu-tools-for-stm32.10.3-2021.10.win32_1.0.0.202111181127/tools/bin/../lib/gcc/arm-none-eabi/10.3.1/../../../../arm-none-eabi/lib/thumb/v7e-m+fp/hard\libm.a
LOAD c:/st/stm32cubeide_1.8.0/stm32cubeide/plugins/com.st.stm32cube.ide.mcu.externaltools.gnu-tools-for-stm32.10.3-2021.10.win32_1.0.0.202111181127/tools/bin/../lib/gcc/arm-none-eabi/10.3.1/thumb/v7e-m+fp/hard\libgcc.a

.debug_info     0x0000000000000000    0x1223e
 .debug_info    0x0000000000000000      0x2d4 ./Core/Src/gpio.o
 .debug_info    0x00000000000002d4      0x66a ./Core/Src/main.o
 .debug_info    0x000000000000093e      0x54d ./Core/Src/msc_disk.o
 .debug_info    0x0000000000000e8b      0x2d4 ./Core/Src/stm32f4xx_hal_msp.o
 .debug_info    0x000000000000115f      0x16b ./Core/Src/stm32f4xx_it.o
 .debug_info    0x00000000000012ca      0x54f ./Core/Src/system_stm32f4xx.o
 .debug_info    0x0000000000001819      0x64a ./Core/Src/usb_descriptors.o
 .debug_info    0x0000000000001e63      0xba5 ./Core/Src/usb_otg.o
 .debug_info    0x0000000000002a08       0x22 ./Core/Startup/startup_stm32f411ceux.o
 .debug_info    0x0000000000002a2a     0x138a ./Core/tinyUSB/class/cdc/cdc_device.o
 .debug_info    0x0000000000003db4     0x1e08 ./Core/tinyUSB/class/msc/msc_device.o
 .debug_info    0x0000000000005bbc     0x113c ./Core/tinyUSB/common/tusb_fifo.o
 .debug_info    0x0000000000006cf8     0x2a8d ./Core/tinyUSB/device/usbd.o
 .debug_info    0x0000000000009785      0x6ec ./Core/tinyUSB/device/usbd_control.o
 .debug_info    0x0000000000009e71     0x2202 ./Core/tinyUSB/portable/st/synopsys/dcd_synopsys.o
 .debug_info    0x000000000000c073      0x8f4 ./Core/tinyUSB/tusb.o
 .debug_info    0x000000000000c967      0x90d ./Drivers/STM32F4xx_HAL_Driver/Src/stm32f4xx_hal.o
 .debug_info    0x000000000000d274      0xd8b ./Drivers/STM32F4xx_HAL_Driver/Src/stm32f4xx_hal_cortex.o
 .debug_info    0x000000000000dfff      0x78e ./Drivers/STM32F4xx_HAL_Driver/Src/stm32f4xx_hal_gpio.o
 .debug_info    0x000000000000e78d     0x168d ./Drivers/STM32F4xx_HAL_Driver/Src/stm32f4xx_hal_pcd.o
 .debug_info    0x000000000000fe1a      0x98d ./Drivers/STM32F4xx_HAL_Driver/Src/stm32f4xx_hal_rcc.o
 .debug_info    0x00000000000107a7     0x1a97 ./Drivers/STM32F4xx_HAL_Driver/Src/stm32f4xx_ll_usb.o

.debug_abbrev   0x0000000000000000     0x3439
 .debug_abbrev  0x0000000000000000       0xd4 ./Core/Src/gpio.o
 .debug_abbrev  0x00000000000000d4      0x259 ./Core/Src/main.o
 .debug_abbrev  0x000000000000032d      0x181 ./Core/Src/msc_disk.o
 .debug_abbrev  0x00000000000004ae       0xd4 ./Core/Src/stm32f4xx_hal_msp.o
 .debug_abbrev  0x0000000000000582       0x9f ./Core/Src/stm32f4xx_it.o
 .debug_abbrev  0x0000000000000621      0x116 ./Core/Src/system_stm32f4xx.o
 .debug_abbrev  0x0000000000000737      0x17f ./Core/Src/usb_descriptors.o
 .debug_abbrev  0x00000000000008b6      0x224 ./Core/Src/usb_otg.o
 .debug_abbrev  0x0000000000000ada       0x12 ./Core/Startup/startup_stm32f411ceux.o
 .debug_abbrev  0x0000000000000aec      0x3f2 ./Core/tinyUSB/class/cdc/cdc_device.o
 .debug_abbrev  0x0000000000000ede      0x4ff ./Core/tinyUSB/class/msc/msc_device.o
 .debug_abbrev  0x00000000000013dd      0x2d7 ./Core/tinyUSB/common/tusb_fifo.o
 .debug_abbrev  0x00000000000016b4      0x4df ./Core/tinyUSB/device/usbd.o
 .debug_abbrev  0x0000000000001b93      0x296 ./Core/tinyUSB/device/usbd_control.o
 .debug_abbrev  0x0000000000001e29      0x4ae ./Core/tinyUSB/portable/st/synopsys/dcd_synopsys.o
 .debug_abbrev  0x00000000000022d7      0x24f ./Core/tinyUSB/tusb.o
 .debug_abbrev  0x0000000000002526      0x23e ./Drivers/STM32F4xx_HAL_Driver/Src/stm32f4xx_hal.o
 .debug_abbrev  0x0000000000002764      0x316 ./Drivers/STM32F4xx_HAL_Driver/Src/stm32f4xx_hal_cortex.o
 .debug_abbrev  0x0000000000002a7a      0x1c4 ./Drivers/STM32F4xx_HAL_Driver/Src/stm32f4xx_hal_gpio.o
 .debug_abbrev  0x0000000000002c3e      0x2bb ./Drivers/STM32F4xx_HAL_Driver/Src/stm32f4xx_hal_pcd.o
 .debug_abbrev  0x0000000000002ef9      0x2aa ./Drivers/STM32F4xx_HAL_Driver/Src/stm32f4xx_hal_rcc.o
 .debug_abbrev  0x00000000000031a3      0x296 ./Drivers/STM32F4xx_HAL_Driver/Src/stm32f4xx_ll_usb.o

.debug_aranges  0x0000000000000000      0xd60
 .debug_aranges
                0x0000000000000000       0x20 ./Core/Src/gpio.o
 .debug_aranges
                0x0000000000000020       0x48 ./Core/Src/main.o
 .debug_aranges
                0x0000000000000068       0x58 ./Core/Src/msc_disk.o
 .debug_aranges
                0x00000000000000c0       0x20 ./Core/Src/stm32f4xx_hal_msp.o
 .debug_aranges
                0x00000000000000e0       0x68 ./Core/Src/stm32f4xx_it.o
 .debug_aranges
                0x0000000000000148       0x28 ./Core/Src/system_stm32f4xx.o
 .debug_aranges
                0x0000000000000170       0x30 ./Core/Src/usb_descriptors.o
 .debug_aranges
                0x00000000000001a0       0x30 ./Core/Src/usb_otg.o
 .debug_aranges
                0x00000000000001d0       0x28 ./Core/Startup/startup_stm32f411ceux.o
 .debug_aranges
                0x00000000000001f8       0xa8 ./Core/tinyUSB/class/cdc/cdc_device.o
 .debug_aranges
                0x00000000000002a0       0xb0 ./Core/tinyUSB/class/msc/msc_device.o
 .debug_aranges
                0x0000000000000350      0x160 ./Core/tinyUSB/common/tusb_fifo.o
 .debug_aranges
                0x00000000000004b0      0x120 ./Core/tinyUSB/device/usbd.o
 .debug_aranges
                0x00000000000005d0       0x58 ./Core/tinyUSB/device/usbd_control.o
 .debug_aranges
                0x0000000000000628      0x118 ./Core/tinyUSB/portable/st/synopsys/dcd_synopsys.o
 .debug_aranges
                0x0000000000000740       0x50 ./Core/tinyUSB/tusb.o
 .debug_aranges
                0x0000000000000790       0xf0 ./Drivers/STM32F4xx_HAL_Driver/Src/stm32f4xx_hal.o
 .debug_aranges
                0x0000000000000880      0x118 ./Drivers/STM32F4xx_HAL_Driver/Src/stm32f4xx_hal_cortex.o
 .debug_aranges
                0x0000000000000998       0x58 ./Drivers/STM32F4xx_HAL_Driver/Src/stm32f4xx_hal_gpio.o
 .debug_aranges
                0x00000000000009f0      0x148 ./Drivers/STM32F4xx_HAL_Driver/Src/stm32f4xx_hal_pcd.o
 .debug_aranges
                0x0000000000000b38       0x88 ./Drivers/STM32F4xx_HAL_Driver/Src/stm32f4xx_hal_rcc.o
 .debug_aranges
                0x0000000000000bc0      0x1a0 ./Drivers/STM32F4xx_HAL_Driver/Src/stm32f4xx_ll_usb.o

.debug_ranges   0x0000000000000000      0xcf8
 .debug_ranges  0x0000000000000000       0x10 ./Core/Src/gpio.o
 .debug_ranges  0x0000000000000010       0x38 ./Core/Src/main.o
 .debug_ranges  0x0000000000000048       0x48 ./Core/Src/msc_disk.o
 .debug_ranges  0x0000000000000090       0x10 ./Core/Src/stm32f4xx_hal_msp.o
 .debug_ranges  0x00000000000000a0       0x58 ./Core/Src/stm32f4xx_it.o
 .debug_ranges  0x00000000000000f8       0x18 ./Core/Src/system_stm32f4xx.o
 .debug_ranges  0x0000000000000110       0x20 ./Core/Src/usb_descriptors.o
 .debug_ranges  0x0000000000000130       0x20 ./Core/Src/usb_otg.o
 .debug_ranges  0x0000000000000150       0x20 ./Core/Startup/startup_stm32f411ceux.o
 .debug_ranges  0x0000000000000170       0x98 ./Core/tinyUSB/class/cdc/cdc_device.o
 .debug_ranges  0x0000000000000208       0xf8 ./Core/tinyUSB/class/msc/msc_device.o
 .debug_ranges  0x0000000000000300      0x150 ./Core/tinyUSB/common/tusb_fifo.o
 .debug_ranges  0x0000000000000450      0x178 ./Core/tinyUSB/device/usbd.o
 .debug_ranges  0x00000000000005c8       0x48 ./Core/tinyUSB/device/usbd_control.o
 .debug_ranges  0x0000000000000610      0x138 ./Core/tinyUSB/portable/st/synopsys/dcd_synopsys.o
 .debug_ranges  0x0000000000000748       0x40 ./Core/tinyUSB/tusb.o
 .debug_ranges  0x0000000000000788       0xe0 ./Drivers/STM32F4xx_HAL_Driver/Src/stm32f4xx_hal.o
 .debug_ranges  0x0000000000000868      0x108 ./Drivers/STM32F4xx_HAL_Driver/Src/stm32f4xx_hal_cortex.o
 .debug_ranges  0x0000000000000970       0x48 ./Drivers/STM32F4xx_HAL_Driver/Src/stm32f4xx_hal_gpio.o
 .debug_ranges  0x00000000000009b8      0x138 ./Drivers/STM32F4xx_HAL_Driver/Src/stm32f4xx_hal_pcd.o
 .debug_ranges  0x0000000000000af0       0x78 ./Drivers/STM32F4xx_HAL_Driver/Src/stm32f4xx_hal_rcc.o
 .debug_ranges  0x0000000000000b68      0x190 ./Drivers/STM32F4xx_HAL_Driver/Src/stm32f4xx_ll_usb.o

.debug_macro    0x0000000000000000    0x18f80
 .debug_macro   0x0000000000000000      0x1e8 ./Core/Src/gpio.o
 .debug_macro   0x00000000000001e8      0xa78 ./Core/Src/gpio.o
 .debug_macro   0x0000000000000c60      0x295 ./Core/Src/gpio.o
 .debug_macro   0x0000000000000ef5       0x2e ./Core/Src/gpio.o
 .debug_macro   0x0000000000000f23       0x28 ./Core/Src/gpio.o
 .debug_macro   0x0000000000000f4b       0x22 ./Core/Src/gpio.o
 .debug_macro   0x0000000000000f6d       0x8e ./Core/Src/gpio.o
 .debug_macro   0x0000000000000ffb       0x51 ./Core/Src/gpio.o
 .debug_macro   0x000000000000104c      0x103 ./Core/Src/gpio.o
 .debug_macro   0x000000000000114f       0x6a ./Core/Src/gpio.o
 .debug_macro   0x00000000000011b9      0x1df ./Core/Src/gpio.o
 .debug_macro   0x0000000000001398       0x1c ./Core/Src/gpio.o
 .debug_macro   0x00000000000013b4       0x22 ./Core/Src/gpio.o
 .debug_macro   0x00000000000013d6       0xd9 ./Core/Src/gpio.o
 .debug_macro   0x00000000000014af     0x102d ./Core/Src/gpio.o
 .debug_macro   0x00000000000024dc      0x11f ./Core/Src/gpio.o
 .debug_macro   0x00000000000025fb     0xb953 ./Core/Src/gpio.o
 .debug_macro   0x000000000000df4e       0x6d ./Core/Src/gpio.o
 .debug_macro   0x000000000000dfbb     0x367e ./Core/Src/gpio.o
 .debug_macro   0x0000000000011639      0x174 ./Core/Src/gpio.o
 .debug_macro   0x00000000000117ad       0x5c ./Core/Src/gpio.o
 .debug_macro   0x0000000000011809      0x447 ./Core/Src/gpio.o
 .debug_macro   0x0000000000011c50      0x9fe ./Core/Src/gpio.o
 .debug_macro   0x000000000001264e      0x115 ./Core/Src/gpio.o
 .debug_macro   0x0000000000012763      0x11b ./Core/Src/gpio.o
 .debug_macro   0x000000000001287e       0xa5 ./Core/Src/gpio.o
 .debug_macro   0x0000000000012923      0x15f ./Core/Src/gpio.o
 .debug_macro   0x0000000000012a82      0x287 ./Core/Src/gpio.o
 .debug_macro   0x0000000000012d09       0x5f ./Core/Src/gpio.o
 .debug_macro   0x0000000000012d68      0x236 ./Core/Src/gpio.o
 .debug_macro   0x0000000000012f9e      0x132 ./Core/Src/gpio.o
 .debug_macro   0x00000000000130d0      0x264 ./Core/Src/gpio.o
 .debug_macro   0x0000000000013334       0x2e ./Core/Src/gpio.o
 .debug_macro   0x0000000000013362      0x11a ./Core/Src/gpio.o
 .debug_macro   0x000000000001347c       0x85 ./Core/Src/gpio.o
 .debug_macro   0x0000000000013501       0x89 ./Core/Src/gpio.o
 .debug_macro   0x000000000001358a      0x248 ./Core/Src/gpio.o
 .debug_macro   0x00000000000137d2       0xba ./Core/Src/gpio.o
 .debug_macro   0x000000000001388c      0x126 ./Core/Src/gpio.o
 .debug_macro   0x00000000000139b2      0x46d ./Core/Src/main.o
 .debug_macro   0x0000000000013e1f       0x6a ./Core/Src/main.o
 .debug_macro   0x0000000000013e89       0x22 ./Core/Src/main.o
 .debug_macro   0x0000000000013eab       0x52 ./Core/Src/main.o
 .debug_macro   0x0000000000013efd       0x1e ./Core/Src/main.o
 .debug_macro   0x0000000000013f1b       0x3c ./Core/Src/main.o
 .debug_macro   0x0000000000013f57       0x34 ./Core/Src/main.o
 .debug_macro   0x0000000000013f8b       0x16 ./Core/Src/main.o
 .debug_macro   0x0000000000013fa1       0x43 ./Core/Src/main.o
 .debug_macro   0x0000000000013fe4       0x34 ./Core/Src/main.o
 .debug_macro   0x0000000000014018       0x10 ./Core/Src/main.o
 .debug_macro   0x0000000000014028       0x58 ./Core/Src/main.o
 .debug_macro   0x0000000000014080       0x71 ./Core/Src/main.o
 .debug_macro   0x00000000000140f1       0x1c ./Core/Src/main.o
 .debug_macro   0x000000000001410d      0x12a ./Core/Src/main.o
 .debug_macro   0x0000000000014237      0x341 ./Core/Src/main.o
 .debug_macro   0x0000000000014578       0x10 ./Core/Src/main.o
 .debug_macro   0x0000000000014588       0x35 ./Core/Src/main.o
 .debug_macro   0x00000000000145bd       0x20 ./Core/Src/main.o
 .debug_macro   0x00000000000145dd       0x1c ./Core/Src/main.o
 .debug_macro   0x00000000000145f9       0x10 ./Core/Src/main.o
 .debug_macro   0x0000000000014609       0x10 ./Core/Src/main.o
 .debug_macro   0x0000000000014619       0x1c ./Core/Src/main.o
 .debug_macro   0x0000000000014635       0x52 ./Core/Src/main.o
 .debug_macro   0x0000000000014687       0x22 ./Core/Src/main.o
 .debug_macro   0x00000000000146a9       0x10 ./Core/Src/main.o
 .debug_macro   0x00000000000146b9       0x52 ./Core/Src/main.o
 .debug_macro   0x000000000001470b       0xd5 ./Core/Src/main.o
 .debug_macro   0x00000000000147e0       0x1c ./Core/Src/main.o
 .debug_macro   0x00000000000147fc       0x3d ./Core/Src/main.o
 .debug_macro   0x0000000000014839       0x16 ./Core/Src/main.o
 .debug_macro   0x000000000001484f      0x145 ./Core/Src/main.o
 .debug_macro   0x0000000000014994      0x146 ./Core/Src/main.o
 .debug_macro   0x0000000000014ada      0x21d ./Core/Src/main.o
 .debug_macro   0x0000000000014cf7       0x8e ./Core/Src/main.o
 .debug_macro   0x0000000000014d85       0x33 ./Core/Src/main.o
 .debug_macro   0x0000000000014db8      0x100 ./Core/Src/main.o
 .debug_macro   0x0000000000014eb8       0x64 ./Core/Src/main.o
 .debug_macro   0x0000000000014f1c       0x11 ./Core/Src/main.o
 .debug_macro   0x0000000000014f2d       0xc7 ./Core/Src/main.o
 .debug_macro   0x0000000000014ff4       0x25 ./Core/Src/main.o
 .debug_macro   0x0000000000015019       0x1c ./Core/Src/main.o
 .debug_macro   0x0000000000015035       0x1c ./Core/Src/main.o
 .debug_macro   0x0000000000015051      0x6cb ./Core/Src/main.o
 .debug_macro   0x000000000001571c      0x37b ./Core/Src/main.o
 .debug_macro   0x0000000000015a97       0x18 ./Core/Src/main.o
 .debug_macro   0x0000000000015aaf      0x2e5 ./Core/Src/msc_disk.o
 .debug_macro   0x0000000000015d94      0x1de ./Core/Src/stm32f4xx_hal_msp.o
 .debug_macro   0x0000000000015f72      0x45f ./Core/Src/stm32f4xx_it.o
 .debug_macro   0x00000000000163d1      0x1d4 ./Core/Src/system_stm32f4xx.o
 .debug_macro   0x00000000000165a5      0x321 ./Core/Src/usb_descriptors.o
 .debug_macro   0x00000000000168c6      0x1e8 ./Core/Src/usb_otg.o
 .debug_macro   0x0000000000016aae      0x2c0 ./Core/tinyUSB/class/cdc/cdc_device.o
 .debug_macro   0x0000000000016d6e      0x375 ./Core/tinyUSB/class/cdc/cdc_device.o
 .debug_macro   0x00000000000170e3       0x22 ./Core/tinyUSB/class/cdc/cdc_device.o
 .debug_macro   0x0000000000017105      0x2cb ./Core/tinyUSB/class/msc/msc_device.o
 .debug_macro   0x00000000000173d0      0x2a4 ./Core/tinyUSB/common/tusb_fifo.o
 .debug_macro   0x0000000000017674      0x31e ./Core/tinyUSB/device/usbd.o
 .debug_macro   0x0000000000017992      0x2f7 ./Core/tinyUSB/device/usbd_control.o
 .debug_macro   0x0000000000017c89      0x46e ./Core/tinyUSB/portable/st/synopsys/dcd_synopsys.o
 .debug_macro   0x00000000000180f7      0x2fb ./Core/tinyUSB/tusb.o
 .debug_macro   0x00000000000183f2      0x234 ./Drivers/STM32F4xx_HAL_Driver/Src/stm32f4xx_hal.o
 .debug_macro   0x0000000000018626      0x1d4 ./Drivers/STM32F4xx_HAL_Driver/Src/stm32f4xx_hal_cortex.o
 .debug_macro   0x00000000000187fa      0x1da ./Drivers/STM32F4xx_HAL_Driver/Src/stm32f4xx_hal_gpio.o
 .debug_macro   0x00000000000189d4      0x1e0 ./Drivers/STM32F4xx_HAL_Driver/Src/stm32f4xx_hal_pcd.o
 .debug_macro   0x0000000000018bb4      0x1f8 ./Drivers/STM32F4xx_HAL_Driver/Src/stm32f4xx_hal_rcc.o
 .debug_macro   0x0000000000018dac      0x1d4 ./Drivers/STM32F4xx_HAL_Driver/Src/stm32f4xx_ll_usb.o

.debug_line     0x0000000000000000    0x11198
 .debug_line    0x0000000000000000      0x6b2 ./Core/Src/gpio.o
 .debug_line    0x00000000000006b2      0xb75 ./Core/Src/main.o
 .debug_line    0x0000000000001227      0x87a ./Core/Src/msc_disk.o
 .debug_line    0x0000000000001aa1      0x6b5 ./Core/Src/stm32f4xx_hal_msp.o
 .debug_line    0x0000000000002156      0xb5c ./Core/Src/stm32f4xx_it.o
 .debug_line    0x0000000000002cb2      0x737 ./Core/Src/system_stm32f4xx.o
 .debug_line    0x00000000000033e9      0x801 ./Core/Src/usb_descriptors.o
 .debug_line    0x0000000000003bea      0x729 ./Core/Src/usb_otg.o
 .debug_line    0x0000000000004313       0x88 ./Core/Startup/startup_stm32f411ceux.o
 .debug_line    0x000000000000439b      0xd97 ./Core/tinyUSB/class/cdc/cdc_device.o
 .debug_line    0x0000000000005132     0x1123 ./Core/tinyUSB/class/msc/msc_device.o
 .debug_line    0x0000000000006255      0xf3f ./Core/tinyUSB/common/tusb_fifo.o
 .debug_line    0x0000000000007194     0x16a0 ./Core/tinyUSB/device/usbd.o
 .debug_line    0x0000000000008834      0x99e ./Core/tinyUSB/device/usbd_control.o
 .debug_line    0x00000000000091d2     0x191b ./Core/tinyUSB/portable/st/synopsys/dcd_synopsys.o
 .debug_line    0x000000000000aaed      0xa3a ./Core/tinyUSB/tusb.o
 .debug_line    0x000000000000b527      0x99d ./Drivers/STM32F4xx_HAL_Driver/Src/stm32f4xx_hal.o
 .debug_line    0x000000000000bec4      0xc4c ./Drivers/STM32F4xx_HAL_Driver/Src/stm32f4xx_hal_cortex.o
 .debug_line    0x000000000000cb10      0xad5 ./Drivers/STM32F4xx_HAL_Driver/Src/stm32f4xx_hal_gpio.o
 .debug_line    0x000000000000d5e5     0x1440 ./Drivers/STM32F4xx_HAL_Driver/Src/stm32f4xx_hal_pcd.o
 .debug_line    0x000000000000ea25      0xd19 ./Drivers/STM32F4xx_HAL_Driver/Src/stm32f4xx_hal_rcc.o
 .debug_line    0x000000000000f73e     0x1a5a ./Drivers/STM32F4xx_HAL_Driver/Src/stm32f4xx_ll_usb.o

.debug_str      0x0000000000000000    0x94894
 .debug_str     0x0000000000000000    0x7ec34 ./Core/Src/gpio.o
                                      0x7eeb4 (size before relaxing)
 .debug_str     0x000000000007ec34     0xfbb1 ./Core/Src/main.o
                                      0x8ea79 (size before relaxing)
 .debug_str     0x000000000008e7e5      0x37c ./Core/Src/msc_disk.o
                                      0x13c4b (size before relaxing)
 .debug_str     0x000000000008eb61       0x2c ./Core/Src/stm32f4xx_hal_msp.o
                                      0x7eeb4 (size before relaxing)
 .debug_str     0x000000000008eb8d       0xdb ./Core/Src/stm32f4xx_it.o
                                      0x8e7b4 (size before relaxing)
 .debug_str     0x000000000008ec68       0xdb ./Core/Src/system_stm32f4xx.o
                                      0x7ef64 (size before relaxing)
 .debug_str     0x000000000008ed43      0xeb4 ./Core/Src/usb_descriptors.o
                                      0x14784 (size before relaxing)
 .debug_str     0x000000000008fbf7      0x825 ./Core/Src/usb_otg.o
                                      0x7f796 (size before relaxing)
 .debug_str     0x000000000009041c       0x36 ./Core/Startup/startup_stm32f411ceux.o
                                         0x78 (size before relaxing)
 .debug_str     0x0000000000090452      0xb96 ./Core/tinyUSB/class/cdc/cdc_device.o
                                      0x12183 (size before relaxing)
 .debug_str     0x0000000000090fe8      0xbf2 ./Core/tinyUSB/class/msc/msc_device.o
                                      0x121db (size before relaxing)
 .debug_str     0x0000000000091bda      0x38a ./Core/tinyUSB/common/tusb_fifo.o
                                       0xa9f4 (size before relaxing)
 .debug_str     0x0000000000091f64      0x90d ./Core/tinyUSB/device/usbd.o
                                      0x14daa (size before relaxing)
 .debug_str     0x0000000000092871       0xca ./Core/tinyUSB/device/usbd_control.o
                                      0x13c63 (size before relaxing)
 .debug_str     0x000000000009293b      0x7a1 ./Core/tinyUSB/portable/st/synopsys/dcd_synopsys.o
                                      0x865d4 (size before relaxing)
 .debug_str     0x00000000000930dc       0x61 ./Core/tinyUSB/tusb.o
                                      0x13ea9 (size before relaxing)
 .debug_str     0x000000000009313d      0x617 ./Drivers/STM32F4xx_HAL_Driver/Src/stm32f4xx_hal.o
                                      0x7f990 (size before relaxing)
 .debug_str     0x0000000000093754      0x2e6 ./Drivers/STM32F4xx_HAL_Driver/Src/stm32f4xx_hal_cortex.o
                                      0x7f6b1 (size before relaxing)
 .debug_str     0x0000000000093a3a      0x15d ./Drivers/STM32F4xx_HAL_Driver/Src/stm32f4xx_hal_gpio.o
                                      0x7f0df (size before relaxing)
 .debug_str     0x0000000000093b97      0x6b6 ./Drivers/STM32F4xx_HAL_Driver/Src/stm32f4xx_hal_pcd.o
                                      0x7fa14 (size before relaxing)
 .debug_str     0x000000000009424d      0x21f ./Drivers/STM32F4xx_HAL_Driver/Src/stm32f4xx_hal_rcc.o
                                      0x7f398 (size before relaxing)
 .debug_str     0x000000000009446c      0x428 ./Drivers/STM32F4xx_HAL_Driver/Src/stm32f4xx_ll_usb.o
                                      0x7f87c (size before relaxing)

.comment        0x0000000000000000       0x50
 .comment       0x0000000000000000       0x50 ./Core/Src/gpio.o
                                         0x51 (size before relaxing)
 .comment       0x0000000000000050       0x51 ./Core/Src/main.o
 .comment       0x0000000000000050       0x51 ./Core/Src/msc_disk.o
 .comment       0x0000000000000050       0x51 ./Core/Src/stm32f4xx_hal_msp.o
 .comment       0x0000000000000050       0x51 ./Core/Src/stm32f4xx_it.o
 .comment       0x0000000000000050       0x51 ./Core/Src/system_stm32f4xx.o
 .comment       0x0000000000000050       0x51 ./Core/Src/usb_descriptors.o
 .comment       0x0000000000000050       0x51 ./Core/Src/usb_otg.o
 .comment       0x0000000000000050       0x51 ./Core/tinyUSB/class/cdc/cdc_device.o
 .comment       0x0000000000000050       0x51 ./Core/tinyUSB/class/msc/msc_device.o
 .comment       0x0000000000000050       0x51 ./Core/tinyUSB/common/tusb_fifo.o
 .comment       0x0000000000000050       0x51 ./Core/tinyUSB/device/usbd.o
 .comment       0x0000000000000050       0x51 ./Core/tinyUSB/device/usbd_control.o
 .comment       0x0000000000000050       0x51 ./Core/tinyUSB/portable/st/synopsys/dcd_synopsys.o
 .comment       0x0000000000000050       0x51 ./Core/tinyUSB/tusb.o
 .comment       0x0000000000000050       0x51 ./Drivers/STM32F4xx_HAL_Driver/Src/stm32f4xx_hal.o
 .comment       0x0000000000000050       0x51 ./Drivers/STM32F4xx_HAL_Driver/Src/stm32f4xx_hal_cortex.o
 .comment       0x0000000000000050       0x51 ./Drivers/STM32F4xx_HAL_Driver/Src/stm32f4xx_hal_gpio.o
 .comment       0x0000000000000050       0x51 ./Drivers/STM32F4xx_HAL_Driver/Src/stm32f4xx_hal_pcd.o
 .comment       0x0000000000000050       0x51 ./Drivers/STM32F4xx_HAL_Driver/Src/stm32f4xx_hal_rcc.o
 .comment       0x0000000000000050       0x51 ./Drivers/STM32F4xx_HAL_Driver/Src/stm32f4xx_ll_usb.o

.debug_frame    0x0000000000000000     0x3604
 .debug_frame   0x0000000000000000       0x38 ./Core/Src/gpio.o
 .debug_frame   0x0000000000000038       0xcc ./Core/Src/main.o
 .debug_frame   0x0000000000000104      0x140 ./Core/Src/msc_disk.o
 .debug_frame   0x0000000000000244       0x38 ./Core/Src/stm32f4xx_hal_msp.o
 .debug_frame   0x000000000000027c      0x120 ./Core/Src/stm32f4xx_it.o
 .debug_frame   0x000000000000039c       0x58 ./Core/Src/system_stm32f4xx.o
 .debug_frame   0x00000000000003f4       0x7c ./Core/Src/usb_descriptors.o
 .debug_frame   0x0000000000000470       0x74 ./Core/Src/usb_otg.o
 .debug_frame   0x00000000000004e4      0x2ac ./Core/tinyUSB/class/cdc/cdc_device.o
 .debug_frame   0x0000000000000790      0x2d8 ./Core/tinyUSB/class/msc/msc_device.o
 .debug_frame   0x0000000000000a68      0x5fc ./Core/tinyUSB/common/tusb_fifo.o
 .debug_frame   0x0000000000001064      0x4a4 ./Core/tinyUSB/device/usbd.o
 .debug_frame   0x0000000000001508      0x130 ./Core/tinyUSB/device/usbd_control.o
 .debug_frame   0x0000000000001638      0x4ec ./Core/tinyUSB/portable/st/synopsys/dcd_synopsys.o
 .debug_frame   0x0000000000001b24      0x11c ./Core/tinyUSB/tusb.o
 .debug_frame   0x0000000000001c40      0x374 ./Drivers/STM32F4xx_HAL_Driver/Src/stm32f4xx_hal.o
 .debug_frame   0x0000000000001fb4      0x498 ./Drivers/STM32F4xx_HAL_Driver/Src/stm32f4xx_hal_cortex.o
 .debug_frame   0x000000000000244c      0x14c ./Drivers/STM32F4xx_HAL_Driver/Src/stm32f4xx_hal_gpio.o
 .debug_frame   0x0000000000002598      0x5bc ./Drivers/STM32F4xx_HAL_Driver/Src/stm32f4xx_hal_pcd.o
 .debug_frame   0x0000000000002b54      0x1f4 ./Drivers/STM32F4xx_HAL_Driver/Src/stm32f4xx_hal_rcc.o
 .debug_frame   0x0000000000002d48      0x7c0 ./Drivers/STM32F4xx_HAL_Driver/Src/stm32f4xx_ll_usb.o
 .debug_frame   0x0000000000003508       0x2c c:/st/stm32cubeide_1.8.0/stm32cubeide/plugins/com.st.stm32cube.ide.mcu.externaltools.gnu-tools-for-stm32.10.3-2021.10.win32_1.0.0.202111181127/tools/bin/../lib/gcc/arm-none-eabi/10.3.1/../../../../arm-none-eabi/lib/thumb/v7e-m+fp/hard\libc_nano.a(lib_a-init.o)
 .debug_frame   0x0000000000003534       0x28 c:/st/stm32cubeide_1.8.0/stm32cubeide/plugins/com.st.stm32cube.ide.mcu.externaltools.gnu-tools-for-stm32.10.3-2021.10.win32_1.0.0.202111181127/tools/bin/../lib/gcc/arm-none-eabi/10.3.1/../../../../arm-none-eabi/lib/thumb/v7e-m+fp/hard\libc_nano.a(lib_a-memcpy-stub.o)
 .debug_frame   0x000000000000355c       0x28 c:/st/stm32cubeide_1.8.0/stm32cubeide/plugins/com.st.stm32cube.ide.mcu.externaltools.gnu-tools-for-stm32.10.3-2021.10.win32_1.0.0.202111181127/tools/bin/../lib/gcc/arm-none-eabi/10.3.1/../../../../arm-none-eabi/lib/thumb/v7e-m+fp/hard\libc_nano.a(lib_a-memmove.o)
 .debug_frame   0x0000000000003584       0x20 c:/st/stm32cubeide_1.8.0/stm32cubeide/plugins/com.st.stm32cube.ide.mcu.externaltools.gnu-tools-for-stm32.10.3-2021.10.win32_1.0.0.202111181127/tools/bin/../lib/gcc/arm-none-eabi/10.3.1/../../../../arm-none-eabi/lib/thumb/v7e-m+fp/hard\libc_nano.a(lib_a-memset.o)
 .debug_frame   0x00000000000035a4       0x2c c:/st/stm32cubeide_1.8.0/stm32cubeide/plugins/com.st.stm32cube.ide.mcu.externaltools.gnu-tools-for-stm32.10.3-2021.10.win32_1.0.0.202111181127/tools/bin/../lib/gcc/arm-none-eabi/10.3.1/thumb/v7e-m+fp/hard\libgcc.a(_aeabi_uldivmod.o)
 .debug_frame   0x00000000000035d0       0x34 c:/st/stm32cubeide_1.8.0/stm32cubeide/plugins/com.st.stm32cube.ide.mcu.externaltools.gnu-tools-for-stm32.10.3-2021.10.win32_1.0.0.202111181127/tools/bin/../lib/gcc/arm-none-eabi/10.3.1/thumb/v7e-m+fp/hard\libgcc.a(_udivmoddi4.o)
