../Core/tinyUSB/device/usbd.c:246:43:get_driver	16	static
../Core/tinyUSB/device/usbd.c:332:14:tud_speed_get	4	static
../Core/tinyUSB/device/usbd.c:337:6:tud_connected	4	static
../Core/tinyUSB/device/usbd.c:342:6:tud_mounted	4	static
../Core/tinyUSB/device/usbd.c:347:6:tud_suspended	4	static
../Core/tinyUSB/device/usbd.c:352:6:tud_remote_wakeup	8	static
../Core/tinyUSB/device/usbd.c:360:6:tud_disconnect	8	static
../Core/tinyUSB/device/usbd.c:367:6:tud_connect	8	static
../Core/tinyUSB/device/usbd.c:377:6:tud_inited	4	static
../Core/tinyUSB/device/usbd.c:382:6:tud_init	40	static,ignoring_inline_asm
../Core/tinyUSB/device/usbd.c:426:13:configuration_reset	32	static,ignoring_inline_asm
../Core/tinyUSB/device/usbd.c:440:13:usbd_reset	16	static
../Core/tinyUSB/device/usbd.c:446:6:tud_task_event_ready	16	static
../Core/tinyUSB/device/usbd.c:472:6:tud_task_ext	80	static,ignoring_inline_asm
../Core/tinyUSB/device/usbd.c:605:13:invoke_class_control	24	static
../Core/tinyUSB/device/usbd.c:614:13:process_control_request	88	static,ignoring_inline_asm
../Core/tinyUSB/device/usbd.c:866:13:process_set_config	88	static,ignoring_inline_asm
../Core/tinyUSB/device/usbd.c:962:13:process_get_descriptor	88	static,ignoring_inline_asm
../Core/tinyUSB/device/usbd.c:1070:24:dcd_event_handler	176	static,ignoring_inline_asm
../Core/tinyUSB/device/usbd.c:1137:6:usbd_int_set	16	static
../Core/tinyUSB/device/usbd.c:1149:6:usbd_open_edpt_pair	48	static,ignoring_inline_asm
../Core/tinyUSB/device/usbd.c:1173:6:usbd_defer_func	40	static
../Core/tinyUSB/device/usbd.c:1191:6:usbd_edpt_open	32	static,ignoring_inline_asm
../Core/tinyUSB/device/usbd.c:1201:6:usbd_edpt_claim	32	static
../Core/tinyUSB/device/usbd.c:1219:6:usbd_edpt_release	32	static
../Core/tinyUSB/device/usbd.c:1234:6:usbd_edpt_xfer	32	static,ignoring_inline_asm
../Core/tinyUSB/device/usbd.c:1271:6:usbd_edpt_xfer_fifo	32	static,ignoring_inline_asm
../Core/tinyUSB/device/usbd.c:1302:6:usbd_edpt_busy	24	static
../Core/tinyUSB/device/usbd.c:1312:6:usbd_edpt_stall	24	static
../Core/tinyUSB/device/usbd.c:1329:6:usbd_edpt_clear_stall	24	static
../Core/tinyUSB/device/usbd.c:1346:6:usbd_edpt_stalled	24	static
../Core/tinyUSB/device/usbd.c:1362:6:usbd_edpt_close	32	static,ignoring_inline_asm
../Core/tinyUSB/device/usbd.c:1380:6:usbd_sof_enable	16	static
